Archive member included to satisfy reference by file (symbol)

c:/st/stm32cubeide_1.0.1/stm32cubeide/plugins/com.st.stm32cube.ide.mcu.externaltools.gnu-tools-for-stm32.7-2018-q2-update.win32_1.0.0.201904181610/tools/bin/../lib/gcc/arm-none-eabi/7.3.1/../../../../arm-none-eabi/lib/thumb/v7e-m/fpv4-sp/hard\libstdc++_nano.a(pure.o)
                              Src/stm32_ros.o (__cxa_pure_virtual)
c:/st/stm32cubeide_1.0.1/stm32cubeide/plugins/com.st.stm32cube.ide.mcu.externaltools.gnu-tools-for-stm32.7-2018-q2-update.win32_1.0.0.201904181610/tools/bin/../lib/gcc/arm-none-eabi/7.3.1/../../../../arm-none-eabi/lib/thumb/v7e-m/fpv4-sp/hard\libstdc++_nano.a(eh_terminate.o)
                              c:/st/stm32cubeide_1.0.1/stm32cubeide/plugins/com.st.stm32cube.ide.mcu.externaltools.gnu-tools-for-stm32.7-2018-q2-update.win32_1.0.0.201904181610/tools/bin/../lib/gcc/arm-none-eabi/7.3.1/../../../../arm-none-eabi/lib/thumb/v7e-m/fpv4-sp/hard\libstdc++_nano.a(pure.o) (std::terminate())
c:/st/stm32cubeide_1.0.1/stm32cubeide/plugins/com.st.stm32cube.ide.mcu.externaltools.gnu-tools-for-stm32.7-2018-q2-update.win32_1.0.0.201904181610/tools/bin/../lib/gcc/arm-none-eabi/7.3.1/../../../../arm-none-eabi/lib/thumb/v7e-m/fpv4-sp/hard\libstdc++_nano.a(eh_unex_handler.o)
                              c:/st/stm32cubeide_1.0.1/stm32cubeide/plugins/com.st.stm32cube.ide.mcu.externaltools.gnu-tools-for-stm32.7-2018-q2-update.win32_1.0.0.201904181610/tools/bin/../lib/gcc/arm-none-eabi/7.3.1/../../../../arm-none-eabi/lib/thumb/v7e-m/fpv4-sp/hard\libstdc++_nano.a(eh_terminate.o) (__cxxabiv1::__unexpected_handler)
c:/st/stm32cubeide_1.0.1/stm32cubeide/plugins/com.st.stm32cube.ide.mcu.externaltools.gnu-tools-for-stm32.7-2018-q2-update.win32_1.0.0.201904181610/tools/bin/../lib/gcc/arm-none-eabi/7.3.1/../../../../arm-none-eabi/lib/thumb/v7e-m/fpv4-sp/hard\libstdc++_nano.a(eh_term_handler.o)
                              c:/st/stm32cubeide_1.0.1/stm32cubeide/plugins/com.st.stm32cube.ide.mcu.externaltools.gnu-tools-for-stm32.7-2018-q2-update.win32_1.0.0.201904181610/tools/bin/../lib/gcc/arm-none-eabi/7.3.1/../../../../arm-none-eabi/lib/thumb/v7e-m/fpv4-sp/hard\libstdc++_nano.a(eh_terminate.o) (__cxxabiv1::__terminate_handler)
c:/st/stm32cubeide_1.0.1/stm32cubeide/plugins/com.st.stm32cube.ide.mcu.externaltools.gnu-tools-for-stm32.7-2018-q2-update.win32_1.0.0.201904181610/tools/bin/../lib/gcc/arm-none-eabi/7.3.1/../../../../arm-none-eabi/lib/thumb/v7e-m/fpv4-sp/hard\libc_nano.a(lib_a-abort.o)
                              c:/st/stm32cubeide_1.0.1/stm32cubeide/plugins/com.st.stm32cube.ide.mcu.externaltools.gnu-tools-for-stm32.7-2018-q2-update.win32_1.0.0.201904181610/tools/bin/../lib/gcc/arm-none-eabi/7.3.1/../../../../arm-none-eabi/lib/thumb/v7e-m/fpv4-sp/hard\libstdc++_nano.a(eh_terminate.o) (abort)
c:/st/stm32cubeide_1.0.1/stm32cubeide/plugins/com.st.stm32cube.ide.mcu.externaltools.gnu-tools-for-stm32.7-2018-q2-update.win32_1.0.0.201904181610/tools/bin/../lib/gcc/arm-none-eabi/7.3.1/../../../../arm-none-eabi/lib/thumb/v7e-m/fpv4-sp/hard\libc_nano.a(lib_a-errno.o)
                              Src/syscalls.o (__errno)
c:/st/stm32cubeide_1.0.1/stm32cubeide/plugins/com.st.stm32cube.ide.mcu.externaltools.gnu-tools-for-stm32.7-2018-q2-update.win32_1.0.0.201904181610/tools/bin/../lib/gcc/arm-none-eabi/7.3.1/../../../../arm-none-eabi/lib/thumb/v7e-m/fpv4-sp/hard\libc_nano.a(lib_a-exit.o)
                              c:/st/stm32cubeide_1.0.1/stm32cubeide/plugins/com.st.stm32cube.ide.mcu.externaltools.gnu-tools-for-stm32.7-2018-q2-update.win32_1.0.0.201904181610/tools/bin/../lib/gcc/arm-none-eabi/7.3.1/../../../../arm-none-eabi/lib/thumb/v7e-m/fpv4-sp/hard/crt0.o (exit)
c:/st/stm32cubeide_1.0.1/stm32cubeide/plugins/com.st.stm32cube.ide.mcu.externaltools.gnu-tools-for-stm32.7-2018-q2-update.win32_1.0.0.201904181610/tools/bin/../lib/gcc/arm-none-eabi/7.3.1/../../../../arm-none-eabi/lib/thumb/v7e-m/fpv4-sp/hard\libc_nano.a(lib_a-impure.o)
                              c:/st/stm32cubeide_1.0.1/stm32cubeide/plugins/com.st.stm32cube.ide.mcu.externaltools.gnu-tools-for-stm32.7-2018-q2-update.win32_1.0.0.201904181610/tools/bin/../lib/gcc/arm-none-eabi/7.3.1/../../../../arm-none-eabi/lib/thumb/v7e-m/fpv4-sp/hard\libc_nano.a(lib_a-exit.o) (_global_impure_ptr)
c:/st/stm32cubeide_1.0.1/stm32cubeide/plugins/com.st.stm32cube.ide.mcu.externaltools.gnu-tools-for-stm32.7-2018-q2-update.win32_1.0.0.201904181610/tools/bin/../lib/gcc/arm-none-eabi/7.3.1/../../../../arm-none-eabi/lib/thumb/v7e-m/fpv4-sp/hard\libc_nano.a(lib_a-init.o)
                              c:/st/stm32cubeide_1.0.1/stm32cubeide/plugins/com.st.stm32cube.ide.mcu.externaltools.gnu-tools-for-stm32.7-2018-q2-update.win32_1.0.0.201904181610/tools/bin/../lib/gcc/arm-none-eabi/7.3.1/../../../../arm-none-eabi/lib/thumb/v7e-m/fpv4-sp/hard/crt0.o (__libc_init_array)
[...]
Memory Configuration

Name             Origin             Length             Attributes
FLASH            0x0000000008000000 0x0000000000080000 xr
RAM              0x0000000020000000 0x0000000000020000 xrw
*default*        0x0000000000000000 0xffffffffffffffff

Linker script and memory map

LOAD c:/st/stm32cubeide_1.0.1/stm32cubeide/plugins/com.st.stm32cube.ide.mcu.externaltools.gnu-tools-for-stm32.7-2018-q2-update.win32_1.0.0.201904181610/tools/bin/../lib/gcc/arm-none-eabi/7.3.1/thumb/v7e-m/fpv4-sp/hard/crti.o
LOAD c:/st/stm32cubeide_1.0.1/stm32cubeide/plugins/com.st.stm32cube.ide.mcu.externaltools.gnu-tools-for-stm32.7-2018-q2-update.win32_1.0.0.201904181610/tools/bin/../lib/gcc/arm-none-eabi/7.3.1/thumb/v7e-m/fpv4-sp/hard/crtbegin.o
LOAD c:/st/stm32cubeide_1.0.1/stm32cubeide/plugins/com.st.stm32cube.ide.mcu.externaltools.gnu-tools-for-stm32.7-2018-q2-update.win32_1.0.0.201904181610/tools/bin/../lib/gcc/arm-none-eabi/7.3.1/../../../../arm-none-eabi/lib/thumb/v7e-m/fpv4-sp/hard/crt0.o
LOAD Drivers/STM32F4xx_HAL_Driver/Src/stm32f4xx_hal.o
LOAD Drivers/STM32F4xx_HAL_Driver/Src/stm32f4xx_hal_cortex.o
LOAD Drivers/STM32F4xx_HAL_Driver/Src/stm32f4xx_hal_dma.o
LOAD Drivers/STM32F4xx_HAL_Driver/Src/stm32f4xx_hal_dma_ex.o
LOAD Drivers/STM32F4xx_HAL_Driver/Src/stm32f4xx_hal_exti.o
LOAD Drivers/STM32F4xx_HAL_Driver/Src/stm32f4xx_hal_flash.o
LOAD Drivers/STM32F4xx_HAL_Driver/Src/stm32f4xx_hal_flash_ex.o
LOAD Drivers/STM32F4xx_HAL_Driver/Src/stm32f4xx_hal_flash_ramfunc.o
LOAD Drivers/STM32F4xx_HAL_Driver/Src/stm32f4xx_hal_gpio.o
LOAD Drivers/STM32F4xx_HAL_Driver/Src/stm32f4xx_hal_pwr.o
LOAD Drivers/STM32F4xx_HAL_Driver/Src/stm32f4xx_hal_pwr_ex.o
LOAD Drivers/STM32F4xx_HAL_Driver/Src/stm32f4xx_hal_rcc.o
LOAD Drivers/STM32F4xx_HAL_Driver/Src/stm32f4xx_hal_rcc_ex.o
LOAD Drivers/STM32F4xx_HAL_Driver/Src/stm32f4xx_hal_tim.o
LOAD Drivers/STM32F4xx_HAL_Driver/Src/stm32f4xx_hal_tim_ex.o
LOAD Drivers/STM32F4xx_HAL_Driver/Src/stm32f4xx_hal_uart.o
LOAD Inc/ROS/duration.o
LOAD Inc/ROS/time.o
LOAD Src/main.o
LOAD Src/stm32_ros.o
LOAD Src/stm32f4xx_hal_msp.o
LOAD Src/stm32f4xx_it.o
LOAD Src/syscalls.o
LOAD Src/sysmem.o
LOAD Src/system_stm32f4xx.o
LOAD Startup/startup_stm32f446retx.o
START GROUP
LOAD c:/st/stm32cubeide_1.0.1/stm32cubeide/plugins/com.st.stm32cube.ide.mcu.externaltools.gnu-tools-for-stm32.7-2018-q2-update.win32_1.0.0.201904181610/tools/bin/../lib/gcc/arm-none-eabi/7.3.1/../../../../arm-none-eabi/lib/thumb/v7e-m/fpv4-sp/hard\libstdc++_nano.a
LOAD c:/st/stm32cubeide_1.0.1/stm32cubeide/plugins/com.st.stm32cube.ide.mcu.externaltools.gnu-tools-for-stm32.7-2018-q2-update.win32_1.0.0.201904181610/tools/bin/../lib/gcc/arm-none-eabi/7.3.1/../../../../arm-none-eabi/lib/thumb/v7e-m/fpv4-sp/hard\libsupc++_nano.a
END GROUP
LOAD c:/st/stm32cubeide_1.0.1/stm32cubeide/plugins/com.st.stm32cube.ide.mcu.externaltools.gnu-tools-for-stm32.7-2018-q2-update.win32_1.0.0.201904181610/tools/bin/../lib/gcc/arm-none-eabi/7.3.1/../../../../arm-none-eabi/lib/thumb/v7e-m/fpv4-sp/hard\libstdc++_nano.a
LOAD c:/st/stm32cubeide_1.0.1/stm32cubeide/plugins/com.st.stm32cube.ide.mcu.externaltools.gnu-tools-for-stm32.7-2018-q2-update.win32_1.0.0.201904181610/tools/bin/../lib/gcc/arm-none-eabi/7.3.1/../../../../arm-none-eabi/lib/thumb/v7e-m/fpv4-sp/hard\libm.a
LOAD c:/st/stm32cubeide_1.0.1/stm32cubeide/plugins/com.st.stm32cube.ide.mcu.externaltools.gnu-tools-for-stm32.7-2018-q2-update.win32_1.0.0.201904181610/tools/bin/../lib/gcc/arm-none-eabi/7.3.1/../../../../arm-none-eabi/lib/thumb/v7e-m/fpv4-sp/hard\libc_nano.a
START GROUP
LOAD c:/st/stm32cubeide_1.0.1/stm32cubeide/plugins/com.st.stm32cube.ide.mcu.externaltools.gnu-tools-for-stm32.7-2018-q2-update.win32_1.0.0.201904181610/tools/bin/../lib/gcc/arm-none-eabi/7.3.1/thumb/v7e-m/fpv4-sp/hard\libgcc.a
LOAD c:/st/stm32cubeide_1.0.1/stm32cubeide/plugins/com.st.stm32cube.ide.mcu.externaltools.gnu-tools-for-stm32.7-2018-q2-update.win32_1.0.0.201904181610/tools/bin/../lib/gcc/arm-none-eabi/7.3.1/../../../../arm-none-eabi/lib/thumb/v7e-m/fpv4-sp/hard\libc_nano.a
END GROUP
START GROUP
LOAD c:/st/stm32cubeide_1.0.1/stm32cubeide/plugins/com.st.stm32cube.ide.mcu.externaltools.gnu-tools-for-stm32.7-2018-q2-update.win32_1.0.0.201904181610/tools/bin/../lib/gcc/arm-none-eabi/7.3.1/thumb/v7e-m/fpv4-sp/hard\libgcc.a
LOAD c:/st/stm32cubeide_1.0.1/stm32cubeide/plugins/com.st.stm32cube.ide.mcu.externaltools.gnu-tools-for-stm32.7-2018-q2-update.win32_1.0.0.201904181610/tools/bin/../lib/gcc/arm-none-eabi/7.3.1/../../../../arm-none-eabi/lib/thumb/v7e-m/fpv4-sp/hard\libc_nano.a
LOAD c:/st/stm32cubeide_1.0.1/stm32cubeide/plugins/com.st.stm32cube.ide.mcu.externaltools.gnu-tools-for-stm32.7-2018-q2-update.win32_1.0.0.201904181610/tools/bin/../lib/gcc/arm-none-eabi/7.3.1/../../../../arm-none-eabi/lib/thumb/v7e-m/fpv4-sp/hard\libnosys.a
END GROUP
START GROUP
LOAD c:/st/stm32cubeide_1.0.1/stm32cubeide/plugins/com.st.stm32cube.ide.mcu.externaltools.gnu-tools-for-stm32.7-2018-q2-update.win32_1.0.0.201904181610/tools/bin/../lib/gcc/arm-none-eabi/7.3.1/thumb/v7e-m/fpv4-sp/hard\libgcc.a
LOAD c:/st/stm32cubeide_1.0.1/stm32cubeide/plugins/com.st.stm32cube.ide.mcu.externaltools.gnu-tools-for-stm32.7-2018-q2-update.win32_1.0.0.201904181610/tools/bin/../lib/gcc/arm-none-eabi/7.3.1/../../../../arm-none-eabi/lib/thumb/v7e-m/fpv4-sp/hard\libc_nano.a
LOAD c:/st/stm32cubeide_1.0.1/stm32cubeide/plugins/com.st.stm32cube.ide.mcu.externaltools.gnu-tools-for-stm32.7-2018-q2-update.win32_1.0.0.201904181610/tools/bin/../lib/gcc/arm-none-eabi/7.3.1/../../../../arm-none-eabi/lib/thumb/v7e-m/fpv4-sp/hard\libnosys.a
END GROUP
LOAD c:/st/stm32cubeide_1.0.1/stm32cubeide/plugins/com.st.stm32cube.ide.mcu.externaltools.gnu-tools-for-stm32.7-2018-q2-update.win32_1.0.0.201904181610/tools/bin/../lib/gcc/arm-none-eabi/7.3.1/thumb/v7e-m/fpv4-sp/hard/crtend.o
LOAD c:/st/stm32cubeide_1.0.1/stm32cubeide/plugins/com.st.stm32cube.ide.mcu.externaltools.gnu-tools-for-stm32.7-2018-q2-update.win32_1.0.0.201904181610/tools/bin/../lib/gcc/arm-none-eabi/7.3.1/thumb/v7e-m/fpv4-sp/hard/crtn.o
                0x0000000020020000                _estack = 0x20020000
                0x0000000000000200                _Min_Heap_Size = 0x200
                0x0000000000000400                _Min_Stack_Size = 0x400

.isr_vector     0x0000000008000000      0x1c4
                0x0000000008000000                . = ALIGN (0x4)
 *(.isr_vector)
 .isr_vector    0x0000000008000000      0x1c4 Startup/startup_stm32f446retx.o
                0x0000000008000000                g_pfnVectors
                0x00000000080001c4                . = ALIGN (0x4)

.text           0x00000000080001c4     0x596c
                0x00000000080001c4                . = ALIGN (0x4)
 *(.text)
 .text          0x00000000080001c4       0x40 c:/st/stm32cubeide_1.0.1/stm32cubeide/plugins/com.st.stm32cube.ide.mcu.externaltools.gnu-tools-for-stm32.7-2018-q2-update.win32_1.0.0.201904181610/tools/bin/../lib/gcc/arm-none-eabi/7.3.1/thumb/v7e-m/fpv4-sp/hard/crtbegin.o
 .text          0x0000000008000204       0x10 c:/st/stm32cubeide_1.0.1/stm32cubeide/plugins/com.st.stm32cube.ide.mcu.externaltools.gnu-tools-for-stm32.7-2018-q2-update.win32_1.0.0.201904181610/tools/bin/../lib/gcc/arm-none-eabi/7.3.1/../../../../arm-none-eabi/lib/thumb/v7e-m/fpv4-sp/hard\libc_nano.a(lib_a-strlen.o)
                0x0000000008000204                strlen
 .text          0x0000000008000214       0x30 c:/st/stm32cubeide_1.0.1/stm32cubeide/plugins/com.st.stm32cube.ide.mcu.externaltools.gnu-tools-for-stm32.7-2018-q2-update.win32_1.0.0.201904181610/tools/bin/../lib/gcc/arm-none-eabi/7.3.1/thumb/v7e-m/fpv4-sp/hard\libgcc.a(_aeabi_uldivmod.o)
                0x0000000008000214                __aeabi_uldivmod
 .text          0x0000000008000244      0x2cc c:/st/stm32cubeide_1.0.1/stm32cubeide/plugins/com.st.stm32cube.ide.mcu.externaltools.gnu-tools-for-stm32.7-2018-q2-update.win32_1.0.0.201904181610/tools/bin/../lib/gcc/arm-none-eabi/7.3.1/thumb/v7e-m/fpv4-sp/hard\libgcc.a(_udivmoddi4.o)
                0x0000000008000244                __udivmoddi4
 .text          0x0000000008000510        0x4 c:/st/stm32cubeide_1.0.1/stm32cubeide/plugins/com.st.stm32cube.ide.mcu.externaltools.gnu-tools-for-stm32.7-2018-q2-update.win32_1.0.0.201904181610/tools/bin/../lib/gcc/arm-none-eabi/7.3.1/thumb/v7e-m/fpv4-sp/hard\libgcc.a(_dvmd_tls.o)
                0x0000000008000510                __aeabi_idiv0
                0x0000000008000510                __aeabi_ldiv0
 *(.text*)
 .text.HAL_Init
                0x0000000008000514       0x44 Drivers/STM32F4xx_HAL_Driver/Src/stm32f4xx_hal.o
                0x0000000008000514                HAL_Init
 .text.HAL_InitTick
                0x0000000008000558       0x60 Drivers/STM32F4xx_HAL_Driver/Src/stm32f4xx_hal.o
                0x0000000008000558                HAL_InitTick
 .text.HAL_IncTick
                0x00000000080005b8       0x28 Drivers/STM32F4xx_HAL_Driver/Src/stm32f4xx_hal.o
                0x00000000080005b8                HAL_IncTick
 .text.HAL_GetTick
                0x00000000080005e0       0x18 Drivers/STM32F4xx_HAL_Driver/Src/stm32f4xx_hal.o
                0x00000000080005e0                HAL_GetTick
 .text.__NVIC_SetPriorityGrouping
                0x00000000080005f8       0x48 Drivers/STM32F4xx_HAL_Driver/Src/stm32f4xx_hal_cortex.o
 .text.__NVIC_GetPriorityGrouping
                0x0000000008000640       0x1c Drivers/STM32F4xx_HAL_Driver/Src/stm32f4xx_hal_cortex.o
 .text.__NVIC_EnableIRQ
                0x000000000800065c       0x3c Drivers/STM32F4xx_HAL_Driver/Src/stm32f4xx_hal_cortex.o
 .text.__NVIC_SetPriority
                0x0000000008000698       0x54 Drivers/STM32F4xx_HAL_Driver/Src/stm32f4xx_hal_cortex.o
 .text.NVIC_EncodePriority
                0x00000000080006ec       0x66 Drivers/STM32F4xx_HAL_Driver/Src/stm32f4xx_hal_cortex.o
 *fill*         0x0000000008000752        0x2 
 .text.SysTick_Config
                0x0000000008000754       0x44 Drivers/STM32F4xx_HAL_Driver/Src/stm32f4xx_hal_cortex.o
 .text.HAL_NVIC_SetPriorityGrouping
                0x0000000008000798       0x16 Drivers/STM32F4xx_HAL_Driver/Src/stm32f4xx_hal_cortex.o
                0x0000000008000798                HAL_NVIC_SetPriorityGrouping
 .text.HAL_NVIC_SetPriority
                0x00000000080007ae       0x38 Drivers/STM32F4xx_HAL_Driver/Src/stm32f4xx_hal_cortex.o
                0x00000000080007ae                HAL_NVIC_SetPriority
 .text.HAL_NVIC_EnableIRQ
                0x00000000080007e6       0x1c Drivers/STM32F4xx_HAL_Driver/Src/stm32f4xx_hal_cortex.o
                0x00000000080007e6                HAL_NVIC_EnableIRQ
 .text.HAL_SYSTICK_Config
                0x0000000008000802       0x18 Drivers/STM32F4xx_HAL_Driver/Src/stm32f4xx_hal_cortex.o
                0x0000000008000802                HAL_SYSTICK_Config
 *fill*         0x000000000800081a        0x2 
 .text.HAL_DMA_Init
                0x000000000800081c      0x15c Drivers/STM32F4xx_HAL_Driver/Src/stm32f4xx_hal_dma.o
                0x000000000800081c                HAL_DMA_Init
 .text.HAL_DMA_Start_IT
                0x0000000008000978       0xc0 Drivers/STM32F4xx_HAL_Driver/Src/stm32f4xx_hal_dma.o
                0x0000000008000978                HAL_DMA_Start_IT
 .text.HAL_DMA_Abort_IT
                0x0000000008000a38       0x44 Drivers/STM32F4xx_HAL_Driver/Src/stm32f4xx_hal_dma.o
                0x0000000008000a38                HAL_DMA_Abort_IT
 .text.HAL_DMA_IRQHandler
                0x0000000008000a7c      0x314 Drivers/STM32F4xx_HAL_Driver/Src/stm32f4xx_hal_dma.o
                0x0000000008000a7c                HAL_DMA_IRQHandler
 .text.DMA_SetConfig
                0x0000000008000d90       0x5c Drivers/STM32F4xx_HAL_Driver/Src/stm32f4xx_hal_dma.o
 .text.DMA_CalcBaseAndBitshift
                0x0000000008000dec       0x6c Drivers/STM32F4xx_HAL_Driver/Src/stm32f4xx_hal_dma.o
 .text.DMA_CheckFifoParam
                0x0000000008000e58       0xf4 Drivers/STM32F4xx_HAL_Driver/Src/stm32f4xx_hal_dma.o
 .text.HAL_GPIO_Init
                0x0000000008000f4c      0x324 Drivers/STM32F4xx_HAL_Driver/Src/stm32f4xx_hal_gpio.o
                0x0000000008000f4c                HAL_GPIO_Init
 .text.HAL_RCC_ClockConfig
                0x0000000008001270      0x1c4 Drivers/STM32F4xx_HAL_Driver/Src/stm32f4xx_hal_rcc.o
                0x0000000008001270                HAL_RCC_ClockConfig
 .text.HAL_RCC_GetHCLKFreq
                0x0000000008001434       0x18 Drivers/STM32F4xx_HAL_Driver/Src/stm32f4xx_hal_rcc.o
                0x0000000008001434                HAL_RCC_GetHCLKFreq
 .text.HAL_RCC_GetPCLK1Freq
                0x000000000800144c       0x28 Drivers/STM32F4xx_HAL_Driver/Src/stm32f4xx_hal_rcc.o
                0x000000000800144c                HAL_RCC_GetPCLK1Freq
 .text.HAL_RCC_GetPCLK2Freq
                0x0000000008001474       0x28 Drivers/STM32F4xx_HAL_Driver/Src/stm32f4xx_hal_rcc.o
                0x0000000008001474                HAL_RCC_GetPCLK2Freq
 .text.HAL_RCC_GetSysClockFreq
                0x000000000800149c      0x33c Drivers/STM32F4xx_HAL_Driver/Src/stm32f4xx_hal_rcc_ex.o
                0x000000000800149c                HAL_RCC_GetSysClockFreq
 .text.HAL_RCC_OscConfig
                0x00000000080017d8      0x4b4 Drivers/STM32F4xx_HAL_Driver/Src/stm32f4xx_hal_rcc_ex.o
                0x00000000080017d8                HAL_RCC_OscConfig
 .text.HAL_TIM_Base_Init
                0x0000000008001c8c       0x56 Drivers/STM32F4xx_HAL_Driver/Src/stm32f4xx_hal_tim.o
                0x0000000008001c8c                HAL_TIM_Base_Init
 .text.HAL_TIM_Base_Start
                0x0000000008001ce2       0x48 Drivers/STM32F4xx_HAL_Driver/Src/stm32f4xx_hal_tim.o
                0x0000000008001ce2                HAL_TIM_Base_Start
 .text.HAL_TIM_ConfigClockSource
                0x0000000008001d2a      0x16e Drivers/STM32F4xx_HAL_Driver/Src/stm32f4xx_hal_tim.o
                0x0000000008001d2a                HAL_TIM_ConfigClockSource
 .text.TIM_Base_SetConfig
                0x0000000008001e98      0x140 Drivers/STM32F4xx_HAL_Driver/Src/stm32f4xx_hal_tim.o
                0x0000000008001e98                TIM_Base_SetConfig
 .text.TIM_TI1_ConfigInputStage
                0x0000000008001fd8       0x5e Drivers/STM32F4xx_HAL_Driver/Src/stm32f4xx_hal_tim.o
 .text.TIM_TI2_ConfigInputStage
                0x0000000008002036       0x60 Drivers/STM32F4xx_HAL_Driver/Src/stm32f4xx_hal_tim.o
 .text.TIM_ITRx_SetConfig
                0x0000000008002096       0x36 Drivers/STM32F4xx_HAL_Driver/Src/stm32f4xx_hal_tim.o
 .text.TIM_ETR_SetConfig
                0x00000000080020cc       0x40 Drivers/STM32F4xx_HAL_Driver/Src/stm32f4xx_hal_tim.o
                0x00000000080020cc                TIM_ETR_SetConfig
 .text.HAL_TIMEx_MasterConfigSynchronization
                0x000000000800210c       0x8a Drivers/STM32F4xx_HAL_Driver/Src/stm32f4xx_hal_tim_ex.o
                0x000000000800210c                HAL_TIMEx_MasterConfigSynchronization
 .text.HAL_UART_Init
                0x0000000008002196       0x9a Drivers/STM32F4xx_HAL_Driver/Src/stm32f4xx_hal_uart.o
                0x0000000008002196                HAL_UART_Init
 .text.HAL_UART_Transmit_DMA
                0x0000000008002230       0xd8 Drivers/STM32F4xx_HAL_Driver/Src/stm32f4xx_hal_uart.o
                0x0000000008002230                HAL_UART_Transmit_DMA
 .text.HAL_UART_Receive_DMA
                0x0000000008002308      0x100 Drivers/STM32F4xx_HAL_Driver/Src/stm32f4xx_hal_uart.o
                0x0000000008002308                HAL_UART_Receive_DMA
 .text.HAL_UART_IRQHandler
                0x0000000008002408      0x1f8 Drivers/STM32F4xx_HAL_Driver/Src/stm32f4xx_hal_uart.o
                0x0000000008002408                HAL_UART_IRQHandler
 .text.HAL_UART_TxCpltCallback
                0x0000000008002600       0x14 Drivers/STM32F4xx_HAL_Driver/Src/stm32f4xx_hal_uart.o
                0x0000000008002600                HAL_UART_TxCpltCallback
 .text.HAL_UART_TxHalfCpltCallback
                0x0000000008002614       0x14 Drivers/STM32F4xx_HAL_Driver/Src/stm32f4xx_hal_uart.o
                0x0000000008002614                HAL_UART_TxHalfCpltCallback
 .text.HAL_UART_RxCpltCallback
                0x0000000008002628       0x14 Drivers/STM32F4xx_HAL_Driver/Src/stm32f4xx_hal_uart.o
                0x0000000008002628                HAL_UART_RxCpltCallback
 .text.HAL_UART_RxHalfCpltCallback
                0x000000000800263c       0x14 Drivers/STM32F4xx_HAL_Driver/Src/stm32f4xx_hal_uart.o
                0x000000000800263c                HAL_UART_RxHalfCpltCallback
 .text.HAL_UART_ErrorCallback
                0x0000000008002650       0x14 Drivers/STM32F4xx_HAL_Driver/Src/stm32f4xx_hal_uart.o
                0x0000000008002650                HAL_UART_ErrorCallback
 .text.UART_DMATransmitCplt
                0x0000000008002664       0x52 Drivers/STM32F4xx_HAL_Driver/Src/stm32f4xx_hal_uart.o
 .text.UART_DMATxHalfCplt
                0x00000000080026b6       0x1c Drivers/STM32F4xx_HAL_Driver/Src/stm32f4xx_hal_uart.o
 .text.UART_DMAReceiveCplt
                0x00000000080026d2       0x68 Drivers/STM32F4xx_HAL_Driver/Src/stm32f4xx_hal_uart.o
 .text.UART_DMARxHalfCplt
                0x000000000800273a       0x1c Drivers/STM32F4xx_HAL_Driver/Src/stm32f4xx_hal_uart.o
 .text.UART_DMAError
                0x0000000008002756       0x94 Drivers/STM32F4xx_HAL_Driver/Src/stm32f4xx_hal_uart.o
 .text.UART_EndTxTransfer
                0x00000000080027ea       0x2c Drivers/STM32F4xx_HAL_Driver/Src/stm32f4xx_hal_uart.o
 .text.UART_EndRxTransfer
                0x0000000008002816       0x3c Drivers/STM32F4xx_HAL_Driver/Src/stm32f4xx_hal_uart.o
 .text.UART_DMAAbortOnError
                0x0000000008002852       0x28 Drivers/STM32F4xx_HAL_Driver/Src/stm32f4xx_hal_uart.o
 .text.UART_Transmit_IT
                0x000000000800287a       0xac Drivers/STM32F4xx_HAL_Driver/Src/stm32f4xx_hal_uart.o
 .text.UART_EndTransmit_IT
                0x0000000008002926       0x30 Drivers/STM32F4xx_HAL_Driver/Src/stm32f4xx_hal_uart.o
 .text.UART_Receive_IT
                0x0000000008002956      0x102 Drivers/STM32F4xx_HAL_Driver/Src/stm32f4xx_hal_uart.o
 .text.UART_SetConfig
                0x0000000008002a58      0x414 Drivers/STM32F4xx_HAL_Driver/Src/stm32f4xx_hal_uart.o
 .text._ZN3ros16normalizeSecNSecERmS0_
                0x0000000008002e6c       0x58 Inc/ROS/time.o
                0x0000000008002e6c                ros::normalizeSecNSec(unsigned long&, unsigned long&)
 .text.main     0x0000000008002ec4       0x2a Src/main.o
                0x0000000008002ec4                main
 *fill*         0x0000000008002eee        0x2 
 .text.SystemClock_Config
                0x0000000008002ef0       0xdc Src/main.o
                0x0000000008002ef0                SystemClock_Config
 .text.MX_TIM2_Init
                0x0000000008002fcc       0x9c Src/main.o
 .text.MX_USART1_UART_Init
                0x0000000008003068       0x54 Src/main.o
 .text.MX_USART2_UART_Init
                0x00000000080030bc       0x54 Src/main.o
 .text.MX_DMA_Init
                0x0000000008003110       0x50 Src/main.o
 .text.MX_GPIO_Init
                0x0000000008003160       0x50 Src/main.o
 .text.Error_Handler
                0x00000000080031b0        0xe Src/main.o
                0x00000000080031b0                Error_Handler
 .text._ZN3ros4TimeC2Ev
                0x00000000080031be       0x22 Src/stm32_ros.o
                0x00000000080031be                ros::Time::Time()
                0x00000000080031be                ros::Time::Time()
 .text._ZN3ros3Msg19serializeAvrFloat64EPhf
                0x00000000080031e0       0xd8 Src/stm32_ros.o
                0x00000000080031e0                ros::Msg::serializeAvrFloat64(unsigned char*, float)
 .text._ZN3ros3Msg21deserializeAvrFloat64EPKhPf
                0x00000000080032b8       0xc0 Src/stm32_ros.o
                0x00000000080032b8                ros::Msg::deserializeAvrFloat64(unsigned char const*, float*)
 .text._ZN3ros3MsgC2Ev
                0x0000000008003378       0x20 Src/stm32_ros.o
                0x0000000008003378                ros::Msg::Msg()
                0x0000000008003378                ros::Msg::Msg()
 .text._ZN8std_msgs4TimeC2Ev
                0x0000000008003398       0x30 Src/stm32_ros.o
                0x0000000008003398                std_msgs::Time::Time()
                0x0000000008003398                std_msgs::Time::Time()
 .text._ZNK8std_msgs4Time9serializeEPh
                0x00000000080033c8       0xb0 Src/stm32_ros.o
                0x00000000080033c8                std_msgs::Time::serialize(unsigned char*) const
 .text._ZN8std_msgs4Time11deserializeEPh
                0x0000000008003478       0xc8 Src/stm32_ros.o
                0x0000000008003478                std_msgs::Time::deserialize(unsigned char*)
 .text._ZN8std_msgs4Time7getTypeEv
                0x0000000008003540       0x1c Src/stm32_ros.o
                0x0000000008003540                std_msgs::Time::getType()
 .text._ZN8std_msgs4Time6getMD5Ev
                0x000000000800355c       0x1c Src/stm32_ros.o
                0x000000000800355c                std_msgs::Time::getMD5()
 .text._ZN14rosserial_msgs9TopicInfoC2Ev
                0x0000000008003578       0x48 Src/stm32_ros.o
                0x0000000008003578                rosserial_msgs::TopicInfo::TopicInfo()
                0x0000000008003578                rosserial_msgs::TopicInfo::TopicInfo()
 .text._ZNK14rosserial_msgs9TopicInfo9serializeEPh
                0x00000000080035c0      0x136 Src/stm32_ros.o
                0x00000000080035c0                rosserial_msgs::TopicInfo::serialize(unsigned char*) const
 .text._ZN14rosserial_msgs9TopicInfo11deserializeEPh
                0x00000000080036f6      0x1d0 Src/stm32_ros.o
                0x00000000080036f6                rosserial_msgs::TopicInfo::deserialize(unsigned char*)
 *fill*         0x00000000080038c6        0x2 
 .text._ZN14rosserial_msgs9TopicInfo7getTypeEv
                0x00000000080038c8       0x1c Src/stm32_ros.o
                0x00000000080038c8                rosserial_msgs::TopicInfo::getType()
 .text._ZN14rosserial_msgs9TopicInfo6getMD5Ev
                0x00000000080038e4       0x1c Src/stm32_ros.o
                0x00000000080038e4                rosserial_msgs::TopicInfo::getMD5()
 .text._ZN14rosserial_msgs3LogC2Ev
                0x0000000008003900       0x34 Src/stm32_ros.o
                0x0000000008003900                rosserial_msgs::Log::Log()
                0x0000000008003900                rosserial_msgs::Log::Log()
 .text._ZNK14rosserial_msgs3Log9serializeEPh
                0x0000000008003934       0x64 Src/stm32_ros.o
                0x0000000008003934                rosserial_msgs::Log::serialize(unsigned char*) const
 .text._ZN14rosserial_msgs3Log11deserializeEPh
                0x0000000008003998       0x90 Src/stm32_ros.o
                0x0000000008003998                rosserial_msgs::Log::deserialize(unsigned char*)
 .text._ZN14rosserial_msgs3Log7getTypeEv
                0x0000000008003a28       0x1c Src/stm32_ros.o
                0x0000000008003a28                rosserial_msgs::Log::getType()
 .text._ZN14rosserial_msgs3Log6getMD5Ev
                0x0000000008003a44       0x1c Src/stm32_ros.o
                0x0000000008003a44                rosserial_msgs::Log::getMD5()
 .text._ZN14rosserial_msgs20RequestParamResponseC2Ev
                0x0000000008003a60       0x48 Src/stm32_ros.o
                0x0000000008003a60                rosserial_msgs::RequestParamResponse::RequestParamResponse()
                0x0000000008003a60                rosserial_msgs::RequestParamResponse::RequestParamResponse()
 .text._ZNK14rosserial_msgs20RequestParamResponse9serializeEPh
                0x0000000008003aa8      0x222 Src/stm32_ros.o
                0x0000000008003aa8                rosserial_msgs::RequestParamResponse::serialize(unsigned char*) const
 .text._ZN14rosserial_msgs20RequestParamResponse11deserializeEPh
                0x0000000008003cca      0x2e2 Src/stm32_ros.o
                0x0000000008003cca                rosserial_msgs::RequestParamResponse::deserialize(unsigned char*)
 .text._ZN14rosserial_msgs20RequestParamResponse7getTypeEv
                0x0000000008003fac       0x1c Src/stm32_ros.o
                0x0000000008003fac                rosserial_msgs::RequestParamResponse::getType()
 .text._ZN14rosserial_msgs20RequestParamResponse6getMD5Ev
                0x0000000008003fc8       0x1c Src/stm32_ros.o
                0x0000000008003fc8                rosserial_msgs::RequestParamResponse::getMD5()
 .text._ZN3ros9PublisherC2EPKcPNS_3MsgEi
                0x0000000008003fe4       0x2e Src/stm32_ros.o
                0x0000000008003fe4                ros::Publisher::Publisher(char const*, ros::Msg*, int)
                0x0000000008003fe4                ros::Publisher::Publisher(char const*, ros::Msg*, int)
 .text._ZN3ros9Publisher7publishEPKNS_3MsgE
                0x0000000008004012       0x28 Src/stm32_ros.o
                0x0000000008004012                ros::Publisher::publish(ros::Msg const*)
 .text._ZN3ros9Publisher15getEndpointTypeEv
                0x000000000800403a       0x18 Src/stm32_ros.o
                0x000000000800403a                ros::Publisher::getEndpointType()
 .text._ZN13STM32Hardware10getRdmaIndEv
                0x0000000008004052       0x24 Src/stm32_ros.o
                0x0000000008004052                STM32Hardware::getRdmaInd()
 *fill*         0x0000000008004076        0x2 
 .text._ZN13STM32HardwareC2Ev
                0x0000000008004078       0x44 Src/stm32_ros.o
                0x0000000008004078                STM32Hardware::STM32Hardware()
                0x0000000008004078                STM32Hardware::STM32Hardware()
 .text._ZN13STM32Hardware4initEv
                0x00000000080040bc       0x20 Src/stm32_ros.o
                0x00000000080040bc                STM32Hardware::init()
 .text._ZN13STM32Hardware10reset_rbufEv
                0x00000000080040dc       0x22 Src/stm32_ros.o
                0x00000000080040dc                STM32Hardware::reset_rbuf()
 .text._ZN13STM32Hardware4readEv
                0x00000000080040fe       0x5a Src/stm32_ros.o
                0x00000000080040fe                STM32Hardware::read()
 .text._ZN13STM32Hardware5flushEv
                0x0000000008004158       0xbc Src/stm32_ros.o
                0x0000000008004158                STM32Hardware::flush()
 .text._ZN13STM32Hardware5writeEPhi
                0x0000000008004214       0xa2 Src/stm32_ros.o
                0x0000000008004214                STM32Hardware::write(unsigned char*, int)
 .text._ZN13STM32Hardware4timeEv
                0x00000000080042b6       0x1c Src/stm32_ros.o
                0x00000000080042b6                STM32Hardware::time()
 *fill*         0x00000000080042d2        0x2 
 .text._ZN8std_msgs6StringC2Ev
                0x00000000080042d4       0x30 Src/stm32_ros.o
                0x00000000080042d4                std_msgs::String::String()
                0x00000000080042d4                std_msgs::String::String()
 .text._ZNK8std_msgs6String9serializeEPh
                0x0000000008004304       0x52 Src/stm32_ros.o
                0x0000000008004304                std_msgs::String::serialize(unsigned char*) const
 .text._ZN8std_msgs6String11deserializeEPh
                0x0000000008004356       0x7e Src/stm32_ros.o
                0x0000000008004356                std_msgs::String::deserialize(unsigned char*)
 .text._ZN8std_msgs6String7getTypeEv
                0x00000000080043d4       0x1c Src/stm32_ros.o
                0x00000000080043d4                std_msgs::String::getType()
 .text._ZN8std_msgs6String6getMD5Ev
                0x00000000080043f0       0x1c Src/stm32_ros.o
                0x00000000080043f0                std_msgs::String::getMD5()
 .text._ZN13geometry_msgs7Vector3C2Ev
                0x000000000800440c       0x3c Src/stm32_ros.o
                0x000000000800440c                geometry_msgs::Vector3::Vector3()
                0x000000000800440c                geometry_msgs::Vector3::Vector3()
 .text._ZNK13geometry_msgs7Vector39serializeEPh
                0x0000000008004448       0x72 Src/stm32_ros.o
                0x0000000008004448                geometry_msgs::Vector3::serialize(unsigned char*) const
 .text._ZN13geometry_msgs7Vector311deserializeEPh
                0x00000000080044ba       0x66 Src/stm32_ros.o
                0x00000000080044ba                geometry_msgs::Vector3::deserialize(unsigned char*)
 .text._ZN13geometry_msgs7Vector37getTypeEv
                0x0000000008004520       0x1c Src/stm32_ros.o
                0x0000000008004520                geometry_msgs::Vector3::getType()
 .text._ZN13geometry_msgs7Vector36getMD5Ev
                0x000000000800453c       0x1c Src/stm32_ros.o
                0x000000000800453c                geometry_msgs::Vector3::getMD5()
 .text.ros_init
                0x0000000008004558       0x44 Src/stm32_ros.o
                0x0000000008004558                ros_init
 .text.ros_run  0x000000000800459c       0x54 Src/stm32_ros.o
                0x000000000800459c                ros_run
 .text._Z8angle_cbRKN13geometry_msgs7Vector3E
                0x00000000080045f0       0x26 Src/stm32_ros.o
                0x00000000080045f0                angle_cb(geometry_msgs::Vector3 const&)
 .text._ZN3ros3Msg8varToArrIPhmEEvT_T0_
                0x0000000008004616       0x3c Src/stm32_ros.o
                0x0000000008004616                void ros::Msg::varToArr<unsigned char*, unsigned long>(unsigned char*, unsigned long)
 .text._ZN3ros3Msg8arrToVarImPhEEvRT_T0_
                0x0000000008004652       0x4a Src/stm32_ros.o
                0x0000000008004652                void ros::Msg::arrToVar<unsigned long, unsigned char*>(unsigned long&, unsigned char*)
 .text._ZN3ros15NodeHandleBase_C2Ev
                0x000000000800469c       0x20 Src/stm32_ros.o
                0x000000000800469c                ros::NodeHandleBase_::NodeHandleBase_()
                0x000000000800469c                ros::NodeHandleBase_::NodeHandleBase_()
 .text._ZN3ros11NodeHandle_I13STM32HardwareLi25ELi25ELi512ELi512EEC2Ev
                0x00000000080046bc      0x120 Src/stm32_ros.o
                0x00000000080046bc                ros::NodeHandle_<STM32Hardware, 25, 25, 512, 512>::NodeHandle_()
                0x00000000080046bc                ros::NodeHandle_<STM32Hardware, 25, 25, 512, 512>::NodeHandle_()
 .text._ZN3ros11Subscriber_C2Ev
                0x00000000080047dc       0x20 Src/stm32_ros.o
                0x00000000080047dc                ros::Subscriber_::Subscriber_()
                0x00000000080047dc                ros::Subscriber_::Subscriber_()
 .text._ZN3ros10SubscriberIN13geometry_msgs7Vector3EvEC2EPKcPFvRKS2_Ei
                0x00000000080047fc       0x48 Src/stm32_ros.o
                0x00000000080047fc                ros::Subscriber<geometry_msgs::Vector3, void>::Subscriber(char const*, void (*)(geometry_msgs::Vector3 const&), int)
                0x00000000080047fc                ros::Subscriber<geometry_msgs::Vector3, void>::Subscriber(char const*, void (*)(geometry_msgs::Vector3 const&), int)
 .text._ZN3ros11NodeHandle_I13STM32HardwareLi25ELi25ELi512ELi512EE8initNodeEv
                0x0000000008004844       0x4a Src/stm32_ros.o
                0x0000000008004844                ros::NodeHandle_<STM32Hardware, 25, 25, 512, 512>::initNode()
 .text._ZN3ros11NodeHandle_I13STM32HardwareLi25ELi25ELi512ELi512EE9advertiseERNS_9PublisherE
                0x000000000800488e       0x5c Src/stm32_ros.o
                0x000000000800488e                ros::NodeHandle_<STM32Hardware, 25, 25, 512, 512>::advertise(ros::Publisher&)
 .text._ZN3ros11NodeHandle_I13STM32HardwareLi25ELi25ELi512ELi512EE9subscribeINS_10SubscriberIN13geometry_msgs7Vector3EvEEEEbRT_
                0x00000000080048ea       0x5a Src/stm32_ros.o
                0x00000000080048ea                bool ros::NodeHandle_<STM32Hardware, 25, 25, 512, 512>::subscribe<ros::Subscriber<geometry_msgs::Vector3, void> >(ros::Subscriber<geometry_msgs::Vector3, void>&)
 .text._ZN3ros11NodeHandle_I13STM32HardwareLi25ELi25ELi512ELi512EE8spinOnceEv
                0x0000000008004944      0x4c0 Src/stm32_ros.o
                0x0000000008004944                ros::NodeHandle_<STM32Hardware, 25, 25, 512, 512>::spinOnce()
 .text._ZN3ros11NodeHandle_I13STM32HardwareLi25ELi25ELi512ELi512EE15requestSyncTimeEv
                0x0000000008004e04       0x3c Src/stm32_ros.o
                0x0000000008004e04                ros::NodeHandle_<STM32Hardware, 25, 25, 512, 512>::requestSyncTime()
 .text._ZN3ros11NodeHandle_I13STM32HardwareLi25ELi25ELi512ELi512EE15negotiateTopicsEv
                0x0000000008004e40      0x1c4 Src/stm32_ros.o
                0x0000000008004e40                ros::NodeHandle_<STM32Hardware, 25, 25, 512, 512>::negotiateTopics()
 .text._ZN3ros11NodeHandle_I13STM32HardwareLi25ELi25ELi512ELi512EE8syncTimeEPh
                0x0000000008005004       0x9c Src/stm32_ros.o
                0x0000000008005004                ros::NodeHandle_<STM32Hardware, 25, 25, 512, 512>::syncTime(unsigned char*)
 .text._ZN3ros11NodeHandle_I13STM32HardwareLi25ELi25ELi512ELi512EE7publishEiPKNS_3MsgE
                0x00000000080050a0      0x128 Src/stm32_ros.o
                0x00000000080050a0                ros::NodeHandle_<STM32Hardware, 25, 25, 512, 512>::publish(int, ros::Msg const*)
 .text._ZN3ros11NodeHandle_I13STM32HardwareLi25ELi25ELi512ELi512EE6setNowERNS_4TimeE
                0x00000000080051c8       0x80 Src/stm32_ros.o
                0x00000000080051c8                ros::NodeHandle_<STM32Hardware, 25, 25, 512, 512>::setNow(ros::Time&)
 .text._ZN3ros11NodeHandle_I13STM32HardwareLi25ELi25ELi512ELi512EE8logerrorEPKc
                0x0000000008005248       0x1c Src/stm32_ros.o
                0x0000000008005248                ros::NodeHandle_<STM32Hardware, 25, 25, 512, 512>::logerror(char const*)
 .text._ZN3ros11NodeHandle_I13STM32HardwareLi25ELi25ELi512ELi512EE3logEcPKc
                0x0000000008005264       0x38 Src/stm32_ros.o
                0x0000000008005264                ros::NodeHandle_<STM32Hardware, 25, 25, 512, 512>::log(char, char const*)
 .text._Z41__static_initialization_and_destruction_0ii
                0x000000000800529c       0x64 Src/stm32_ros.o
 .text._ZN3ros10SubscriberIN13geometry_msgs7Vector3EvE8callbackEPh
                0x0000000008005300       0x2a Src/stm32_ros.o
                0x0000000008005300                ros::Subscriber<geometry_msgs::Vector3, void>::callback(unsigned char*)
 .text._ZN3ros10SubscriberIN13geometry_msgs7Vector3EvE15getEndpointTypeEv
                0x000000000800532a       0x18 Src/stm32_ros.o
                0x000000000800532a                ros::Subscriber<geometry_msgs::Vector3, void>::getEndpointType()
 .text._ZN3ros10SubscriberIN13geometry_msgs7Vector3EvE10getMsgTypeEv
                0x0000000008005342       0x1c Src/stm32_ros.o
                0x0000000008005342                ros::Subscriber<geometry_msgs::Vector3, void>::getMsgType()
 .text._ZN3ros10SubscriberIN13geometry_msgs7Vector3EvE9getMsgMD5Ev
                0x000000000800535e       0x1c Src/stm32_ros.o
                0x000000000800535e                ros::Subscriber<geometry_msgs::Vector3, void>::getMsgMD5()
 .text._ZN3ros11NodeHandle_I13STM32HardwareLi25ELi25ELi512ELi512EE9connectedEv
                0x000000000800537a       0x1e Src/stm32_ros.o
                0x000000000800537a                ros::NodeHandle_<STM32Hardware, 25, 25, 512, 512>::connected()
 .text._GLOBAL__sub_I_nh
                0x0000000008005398       0x10 Src/stm32_ros.o
 .text.HAL_MspInit
                0x00000000080053a8       0x50 Src/stm32f4xx_hal_msp.o
                0x00000000080053a8                HAL_MspInit
 .text.HAL_TIM_Base_MspInit
                0x00000000080053f8       0x40 Src/stm32f4xx_hal_msp.o
                0x00000000080053f8                HAL_TIM_Base_MspInit
 .text.HAL_UART_MspInit
                0x0000000008005438      0x1d4 Src/stm32f4xx_hal_msp.o
                0x0000000008005438                HAL_UART_MspInit
 .text.NMI_Handler
                0x000000000800560c        0xe Src/stm32f4xx_it.o
                0x000000000800560c                NMI_Handler
 .text.HardFault_Handler
                0x000000000800561a        0x6 Src/stm32f4xx_it.o
                0x000000000800561a                HardFault_Handler
 .text.MemManage_Handler
                0x0000000008005620        0x6 Src/stm32f4xx_it.o
                0x0000000008005620                MemManage_Handler
 .text.BusFault_Handler
                0x0000000008005626        0x6 Src/stm32f4xx_it.o
                0x0000000008005626                BusFault_Handler
 .text.UsageFault_Handler
                0x000000000800562c        0x6 Src/stm32f4xx_it.o
                0x000000000800562c                UsageFault_Handler
 .text.SVC_Handler
                0x0000000008005632        0xe Src/stm32f4xx_it.o
                0x0000000008005632                SVC_Handler
 .text.DebugMon_Handler
                0x0000000008005640        0xe Src/stm32f4xx_it.o
                0x0000000008005640                DebugMon_Handler
 .text.PendSV_Handler
                0x000000000800564e        0xe Src/stm32f4xx_it.o
                0x000000000800564e                PendSV_Handler
 .text.SysTick_Handler
                0x000000000800565c        0xc Src/stm32f4xx_it.o
                0x000000000800565c                SysTick_Handler
 .text.DMA1_Stream5_IRQHandler
                0x0000000008005668       0x14 Src/stm32f4xx_it.o
                0x0000000008005668                DMA1_Stream5_IRQHandler
 .text.DMA1_Stream6_IRQHandler
                0x000000000800567c       0x14 Src/stm32f4xx_it.o
                0x000000000800567c                DMA1_Stream6_IRQHandler
 .text.USART2_IRQHandler
                0x0000000008005690       0x14 Src/stm32f4xx_it.o
                0x0000000008005690                USART2_IRQHandler
 .text._getpid  0x00000000080056a4       0x10 Src/syscalls.o
                0x00000000080056a4                _getpid
 .text._kill    0x00000000080056b4       0x20 Src/syscalls.o
                0x00000000080056b4                _kill
 .text._exit    0x00000000080056d4       0x14 Src/syscalls.o
                0x00000000080056d4                _exit
 .text._sbrk    0x00000000080056e8       0x58 Src/sysmem.o
                0x00000000080056e8                _sbrk
 .text.SystemInit
                0x0000000008005740       0x6c Src/system_stm32f4xx.o
                0x0000000008005740                SystemInit
 .text.Reset_Handler
                0x00000000080057ac       0x50 Startup/startup_stm32f446retx.o
                0x00000000080057ac                Reset_Handler
 .text.Default_Handler
                0x00000000080057fc        0x2 Startup/startup_stm32f446retx.o
                0x00000000080057fc                RTC_Alarm_IRQHandler
                0x00000000080057fc                EXTI2_IRQHandler
                0x00000000080057fc                TIM8_CC_IRQHandler
                0x00000000080057fc                FMPI2C1_EV_IRQHandler
                0x00000000080057fc                SPI4_IRQHandler
                0x00000000080057fc                TIM1_CC_IRQHandler
                0x00000000080057fc                DMA2_Stream5_IRQHandler
                0x00000000080057fc                PVD_IRQHandler
                0x00000000080057fc                SDIO_IRQHandler
                0x00000000080057fc                TAMP_STAMP_IRQHandler
                0x00000000080057fc                CAN2_RX1_IRQHandler
                0x00000000080057fc                EXTI3_IRQHandler
                0x00000000080057fc                TIM8_TRG_COM_TIM14_IRQHandler
                0x00000000080057fc                TIM1_UP_TIM10_IRQHandler
                0x00000000080057fc                TIM8_UP_TIM13_IRQHandler
                0x00000000080057fc                I2C3_ER_IRQHandler
                0x00000000080057fc                EXTI0_IRQHandler
                0x00000000080057fc                I2C2_EV_IRQHandler
                0x00000000080057fc                DMA1_Stream2_IRQHandler
                0x00000000080057fc                CAN1_RX0_IRQHandler
                0x00000000080057fc                FPU_IRQHandler
                0x00000000080057fc                OTG_HS_WKUP_IRQHandler
                0x00000000080057fc                CAN2_SCE_IRQHandler
                0x00000000080057fc                DMA2_Stream2_IRQHandler
                0x00000000080057fc                SPI1_IRQHandler
                0x00000000080057fc                TIM6_DAC_IRQHandler
                0x00000000080057fc                TIM1_BRK_TIM9_IRQHandler
                0x00000000080057fc                DCMI_IRQHandler
                0x00000000080057fc                CAN2_RX0_IRQHandler
                0x00000000080057fc                DMA2_Stream3_IRQHandler
                0x00000000080057fc                SAI2_IRQHandler
                0x00000000080057fc                USART6_IRQHandler
                0x00000000080057fc                USART3_IRQHandler
                0x00000000080057fc                CAN1_RX1_IRQHandler
                0x00000000080057fc                UART5_IRQHandler
                0x00000000080057fc                DMA2_Stream0_IRQHandler
                0x00000000080057fc                TIM4_IRQHandler
                0x00000000080057fc                QUADSPI_IRQHandler
                0x00000000080057fc                I2C1_EV_IRQHandler
                0x00000000080057fc                DMA1_Stream1_IRQHandler
                0x00000000080057fc                UART4_IRQHandler
                0x00000000080057fc                TIM3_IRQHandler
                0x00000000080057fc                RCC_IRQHandler
                0x00000000080057fc                TIM8_BRK_TIM12_IRQHandler
                0x00000000080057fc                Default_Handler
                0x00000000080057fc                CEC_IRQHandler
                0x00000000080057fc                EXTI15_10_IRQHandler
                0x00000000080057fc                ADC_IRQHandler
                0x00000000080057fc                DMA1_Stream7_IRQHandler
                0x00000000080057fc                TIM7_IRQHandler
                0x00000000080057fc                CAN2_TX_IRQHandler
                0x00000000080057fc                TIM5_IRQHandler
                0x00000000080057fc                DMA2_Stream7_IRQHandler
                0x00000000080057fc                I2C3_EV_IRQHandler
                0x00000000080057fc                EXTI9_5_IRQHandler
                0x00000000080057fc                RTC_WKUP_IRQHandler
                0x00000000080057fc                SPDIF_RX_IRQHandler
                0x00000000080057fc                SPI2_IRQHandler
                0x00000000080057fc                OTG_HS_EP1_IN_IRQHandler
                0x00000000080057fc                DMA1_Stream0_IRQHandler
                0x00000000080057fc                CAN1_TX_IRQHandler
                0x00000000080057fc                FMPI2C1_ER_IRQHandler
                0x00000000080057fc                EXTI4_IRQHandler
                0x00000000080057fc                OTG_HS_EP1_OUT_IRQHandler
                0x00000000080057fc                WWDG_IRQHandler
                0x00000000080057fc                TIM2_IRQHandler
                0x00000000080057fc                OTG_FS_WKUP_IRQHandler
                0x00000000080057fc                TIM1_TRG_COM_TIM11_IRQHandler
                0x00000000080057fc                OTG_HS_IRQHandler
                0x00000000080057fc                EXTI1_IRQHandler
                0x00000000080057fc                I2C2_ER_IRQHandler
                0x00000000080057fc                DMA2_Stream1_IRQHandler
                0x00000000080057fc                CAN1_SCE_IRQHandler
                0x00000000080057fc                FLASH_IRQHandler
                0x00000000080057fc                DMA2_Stream4_IRQHandler
                0x00000000080057fc                USART1_IRQHandler
                0x00000000080057fc                OTG_FS_IRQHandler
                0x00000000080057fc                SPI3_IRQHandler
                0x00000000080057fc                DMA1_Stream4_IRQHandler
                0x00000000080057fc                I2C1_ER_IRQHandler
                0x00000000080057fc                FMC_IRQHandler
                0x00000000080057fc                DMA2_Stream6_IRQHandler
                0x00000000080057fc                SAI1_IRQHandler
                0x00000000080057fc                DMA1_Stream3_IRQHandler
 .text.__cxa_pure_virtual
                0x00000000080057fe        0x6 c:/st/stm32cubeide_1.0.1/stm32cubeide/plugins/com.st.stm32cube.ide.mcu.externaltools.gnu-tools-for-stm32.7-2018-q2-update.win32_1.0.0.201904181610/tools/bin/../lib/gcc/arm-none-eabi/7.3.1/../../../../arm-none-eabi/lib/thumb/v7e-m/fpv4-sp/hard\libstdc++_nano.a(pure.o)
                0x00000000080057fe                __cxa_pure_virtual
 .text._ZN10__cxxabiv111__terminateEPFvvE
                0x0000000008005804        0x8 c:/st/stm32cubeide_1.0.1/stm32cubeide/plugins/com.st.stm32cube.ide.mcu.externaltools.gnu-tools-for-stm32.7-2018-q2-update.win32_1.0.0.201904181610/tools/bin/../lib/gcc/arm-none-eabi/7.3.1/../../../../arm-none-eabi/lib/thumb/v7e-m/fpv4-sp/hard\libstdc++_nano.a(eh_terminate.o)
                0x0000000008005804                __cxxabiv1::__terminate(void (*)())
 .text._ZSt13get_terminatev
                0x000000000800580c       0x10 c:/st/stm32cubeide_1.0.1/stm32cubeide/plugins/com.st.stm32cube.ide.mcu.externaltools.gnu-tools-for-stm32.7-2018-q2-update.win32_1.0.0.201904181610/tools/bin/../lib/gcc/arm-none-eabi/7.3.1/../../../../arm-none-eabi/lib/thumb/v7e-m/fpv4-sp/hard\libstdc++_nano.a(eh_terminate.o)
                0x000000000800580c                std::get_terminate()
 .text._ZSt9terminatev
                0x000000000800581c        0xa c:/st/stm32cubeide_1.0.1/stm32cubeide/plugins/com.st.stm32cube.ide.mcu.externaltools.gnu-tools-for-stm32.7-2018-q2-update.win32_1.0.0.201904181610/tools/bin/../lib/gcc/arm-none-eabi/7.3.1/../../../../arm-none-eabi/lib/thumb/v7e-m/fpv4-sp/hard\libstdc++_nano.a(eh_terminate.o)
                0x000000000800581c                std::terminate()
 .text.abort    0x0000000008005826        0xe c:/st/stm32cubeide_1.0.1/stm32cubeide/plugins/com.st.stm32cube.ide.mcu.externaltools.gnu-tools-for-stm32.7-2018-q2-update.win32_1.0.0.201904181610/tools/bin/../lib/gcc/arm-none-eabi/7.3.1/../../../../arm-none-eabi/lib/thumb/v7e-m/fpv4-sp/hard\libc_nano.a(lib_a-abort.o)
                0x0000000008005826                abort
 .text.__errno  0x0000000008005834        0xc c:/st/stm32cubeide_1.0.1/stm32cubeide/plugins/com.st.stm32cube.ide.mcu.externaltools.gnu-tools-for-stm32.7-2018-q2-update.win32_1.0.0.201904181610/tools/bin/../lib/gcc/arm-none-eabi/7.3.1/../../../../arm-none-eabi/lib/thumb/v7e-m/fpv4-sp/hard\libc_nano.a(lib_a-errno.o)
                0x0000000008005834                __errno
 .text.__libc_init_array
                0x0000000008005840       0x48 c:/st/stm32cubeide_1.0.1/stm32cubeide/plugins/com.st.stm32cube.ide.mcu.externaltools.gnu-tools-for-stm32.7-2018-q2-update.win32_1.0.0.201904181610/tools/bin/../lib/gcc/arm-none-eabi/7.3.1/../../../../arm-none-eabi/lib/thumb/v7e-m/fpv4-sp/hard\libc_nano.a(lib_a-init.o)
                0x0000000008005840                __libc_init_array
 .text.memcpy   0x0000000008005888       0x16 c:/st/stm32cubeide_1.0.1/stm32cubeide/plugins/com.st.stm32cube.ide.mcu.externaltools.gnu-tools-for-stm32.7-2018-q2-update.win32_1.0.0.201904181610/tools/bin/../lib/gcc/arm-none-eabi/7.3.1/../../../../arm-none-eabi/lib/thumb/v7e-m/fpv4-sp/hard\libc_nano.a(lib_a-memcpy-stub.o)
                0x0000000008005888                memcpy
 .text.memset   0x000000000800589e       0x10 c:/st/stm32cubeide_1.0.1/stm32cubeide/plugins/com.st.stm32cube.ide.mcu.externaltools.gnu-tools-for-stm32.7-2018-q2-update.win32_1.0.0.201904181610/tools/bin/../lib/gcc/arm-none-eabi/7.3.1/../../../../arm-none-eabi/lib/thumb/v7e-m/fpv4-sp/hard\libc_nano.a(lib_a-memset.o)
                0x000000000800589e                memset
 *fill*         0x00000000080058ae        0x2 
 .text.realloc  0x00000000080058b0       0x10 c:/st/stm32cubeide_1.0.1/stm32cubeide/plugins/com.st.stm32cube.ide.mcu.externaltools.gnu-tools-for-stm32.7-2018-q2-update.win32_1.0.0.201904181610/tools/bin/../lib/gcc/arm-none-eabi/7.3.1/../../../../arm-none-eabi/lib/thumb/v7e-m/fpv4-sp/hard\libc_nano.a(lib_a-realloc.o)
                0x00000000080058b0                realloc
 .text._raise_r
                0x00000000080058c0       0x50 c:/st/stm32cubeide_1.0.1/stm32cubeide/plugins/com.st.stm32cube.ide.mcu.externaltools.gnu-tools-for-stm32.7-2018-q2-update.win32_1.0.0.201904181610/tools/bin/../lib/gcc/arm-none-eabi/7.3.1/../../../../arm-none-eabi/lib/thumb/v7e-m/fpv4-sp/hard\libc_nano.a(lib_a-signal.o)
                0x00000000080058c0                _raise_r
 .text.raise    0x0000000008005910       0x10 c:/st/stm32cubeide_1.0.1/stm32cubeide/plugins/com.st.stm32cube.ide.mcu.externaltools.gnu-tools-for-stm32.7-2018-q2-update.win32_1.0.0.201904181610/tools/bin/../lib/gcc/arm-none-eabi/7.3.1/../../../../arm-none-eabi/lib/thumb/v7e-m/fpv4-sp/hard\libc_nano.a(lib_a-signal.o)
                0x0000000008005910                raise
 .text._kill_r  0x0000000008005920       0x24 c:/st/stm32cubeide_1.0.1/stm32cubeide/plugins/com.st.stm32cube.ide.mcu.externaltools.gnu-tools-for-stm32.7-2018-q2-update.win32_1.0.0.201904181610/tools/bin/../lib/gcc/arm-none-eabi/7.3.1/../../../../arm-none-eabi/lib/thumb/v7e-m/fpv4-sp/hard\libc_nano.a(lib_a-signalr.o)
                0x0000000008005920                _kill_r
 .text._getpid_r
                0x0000000008005944        0x4 c:/st/stm32cubeide_1.0.1/stm32cubeide/plugins/com.st.stm32cube.ide.mcu.externaltools.gnu-tools-for-stm32.7-2018-q2-update.win32_1.0.0.201904181610/tools/bin/../lib/gcc/arm-none-eabi/7.3.1/../../../../arm-none-eabi/lib/thumb/v7e-m/fpv4-sp/hard\libc_nano.a(lib_a-signalr.o)
                0x0000000008005944                _getpid_r
 .text._malloc_r
                0x0000000008005948       0xb4 c:/st/stm32cubeide_1.0.1/stm32cubeide/plugins/com.st.stm32cube.ide.mcu.externaltools.gnu-tools-for-stm32.7-2018-q2-update.win32_1.0.0.201904181610/tools/bin/../lib/gcc/arm-none-eabi/7.3.1/../../../../arm-none-eabi/lib/thumb/v7e-m/fpv4-sp/hard\libc_nano.a(lib_a-nano-mallocr.o)
                0x0000000008005948                _malloc_r
 .text._realloc_r
                0x00000000080059fc       0x4c c:/st/stm32cubeide_1.0.1/stm32cubeide/plugins/com.st.stm32cube.ide.mcu.externaltools.gnu-tools-for-stm32.7-2018-q2-update.win32_1.0.0.201904181610/tools/bin/../lib/gcc/arm-none-eabi/7.3.1/../../../../arm-none-eabi/lib/thumb/v7e-m/fpv4-sp/hard\libc_nano.a(lib_a-nano-reallocr.o)
                0x00000000080059fc                _realloc_r
 .text._sbrk_r  0x0000000008005a48       0x20 c:/st/stm32cubeide_1.0.1/stm32cubeide/plugins/com.st.stm32cube.ide.mcu.externaltools.gnu-tools-for-stm32.7-2018-q2-update.win32_1.0.0.201904181610/tools/bin/../lib/gcc/arm-none-eabi/7.3.1/../../../../arm-none-eabi/lib/thumb/v7e-m/fpv4-sp/hard\libc_nano.a(lib_a-sbrkr.o)
                0x0000000008005a48                _sbrk_r
 .text.__malloc_lock
                0x0000000008005a68        0x2 c:/st/stm32cubeide_1.0.1/stm32cubeide/plugins/com.st.stm32cube.ide.mcu.externaltools.gnu-tools-for-stm32.7-2018-q2-update.win32_1.0.0.201904181610/tools/bin/../lib/gcc/arm-none-eabi/7.3.1/../../../../arm-none-eabi/lib/thumb/v7e-m/fpv4-sp/hard\libc_nano.a(lib_a-mlock.o)
                0x0000000008005a68                __malloc_lock
 .text.__malloc_unlock
                0x0000000008005a6a        0x2 c:/st/stm32cubeide_1.0.1/stm32cubeide/plugins/com.st.stm32cube.ide.mcu.externaltools.gnu-tools-for-stm32.7-2018-q2-update.win32_1.0.0.201904181610/tools/bin/../lib/gcc/arm-none-eabi/7.3.1/../../../../arm-none-eabi/lib/thumb/v7e-m/fpv4-sp/hard\libc_nano.a(lib_a-mlock.o)
                0x0000000008005a6a                __malloc_unlock
 .text._free_r  0x0000000008005a6c       0x9c c:/st/stm32cubeide_1.0.1/stm32cubeide/plugins/com.st.stm32cube.ide.mcu.externaltools.gnu-tools-for-stm32.7-2018-q2-update.win32_1.0.0.201904181610/tools/bin/../lib/gcc/arm-none-eabi/7.3.1/../../../../arm-none-eabi/lib/thumb/v7e-m/fpv4-sp/hard\libc_nano.a(lib_a-nano-freer.o)
                0x0000000008005a6c                _free_r
 .text._malloc_usable_size_r
                0x0000000008005b08       0x10 c:/st/stm32cubeide_1.0.1/stm32cubeide/plugins/com.st.stm32cube.ide.mcu.externaltools.gnu-tools-for-stm32.7-2018-q2-update.win32_1.0.0.201904181610/tools/bin/../lib/gcc/arm-none-eabi/7.3.1/../../../../arm-none-eabi/lib/thumb/v7e-m/fpv4-sp/hard\libc_nano.a(lib_a-nano-msizer.o)
                0x0000000008005b08                _malloc_usable_size_r
 *(.glue_7)
 .glue_7        0x0000000008005b18        0x0 linker stubs
 *(.glue_7t)
 .glue_7t       0x0000000008005b18        0x0 linker stubs
 *(.eh_frame)
 .eh_frame      0x0000000008005b18        0x0 c:/st/stm32cubeide_1.0.1/stm32cubeide/plugins/com.st.stm32cube.ide.mcu.externaltools.gnu-tools-for-stm32.7-2018-q2-update.win32_1.0.0.201904181610/tools/bin/../lib/gcc/arm-none-eabi/7.3.1/thumb/v7e-m/fpv4-sp/hard/crtbegin.o
 *(.init)
 .init          0x0000000008005b18        0x4 c:/st/stm32cubeide_1.0.1/stm32cubeide/plugins/com.st.stm32cube.ide.mcu.externaltools.gnu-tools-for-stm32.7-2018-q2-update.win32_1.0.0.201904181610/tools/bin/../lib/gcc/arm-none-eabi/7.3.1/thumb/v7e-m/fpv4-sp/hard/crti.o
                0x0000000008005b18                _init
 .init          0x0000000008005b1c        0x8 c:/st/stm32cubeide_1.0.1/stm32cubeide/plugins/com.st.stm32cube.ide.mcu.externaltools.gnu-tools-for-stm32.7-2018-q2-update.win32_1.0.0.201904181610/tools/bin/../lib/gcc/arm-none-eabi/7.3.1/thumb/v7e-m/fpv4-sp/hard/crtn.o
 *(.fini)
 .fini          0x0000000008005b24        0x4 c:/st/stm32cubeide_1.0.1/stm32cubeide/plugins/com.st.stm32cube.ide.mcu.externaltools.gnu-tools-for-stm32.7-2018-q2-update.win32_1.0.0.201904181610/tools/bin/../lib/gcc/arm-none-eabi/7.3.1/thumb/v7e-m/fpv4-sp/hard/crti.o
                0x0000000008005b24                _fini
 .fini          0x0000000008005b28        0x8 c:/st/stm32cubeide_1.0.1/stm32cubeide/plugins/com.st.stm32cube.ide.mcu.externaltools.gnu-tools-for-stm32.7-2018-q2-update.win32_1.0.0.201904181610/tools/bin/../lib/gcc/arm-none-eabi/7.3.1/thumb/v7e-m/fpv4-sp/hard/crtn.o
                0x0000000008005b30                . = ALIGN (0x4)
                0x0000000008005b30                _etext = .

.vfp11_veneer   0x0000000008005b30        0x0
 .vfp11_veneer  0x0000000008005b30        0x0 linker stubs

.v4_bx          0x0000000008005b30        0x0
 .v4_bx         0x0000000008005b30        0x0 linker stubs

.iplt           0x0000000008005b30        0x0
 .iplt          0x0000000008005b30        0x0 c:/st/stm32cubeide_1.0.1/stm32cubeide/plugins/com.st.stm32cube.ide.mcu.externaltools.gnu-tools-for-stm32.7-2018-q2-update.win32_1.0.0.201904181610/tools/bin/../lib/gcc/arm-none-eabi/7.3.1/thumb/v7e-m/fpv4-sp/hard/crtbegin.o

.rodata         0x0000000008005b30      0x2dc
                0x0000000008005b30                . = ALIGN (0x4)
 *(.rodata)
 .rodata        0x0000000008005b30      0x19e Src/stm32_ros.o
 *(.rodata*)
 *fill*         0x0000000008005cce        0x2 
 .rodata.flagBitshiftOffset.8173
                0x0000000008005cd0        0x8 Drivers/STM32F4xx_HAL_Driver/Src/stm32f4xx_hal_dma.o
 .rodata._ZN14rosserial_msgsL12REQUESTPARAME
                0x0000000008005cd8       0x1c Src/stm32_ros.o
 .rodata._ZTVN3ros10SubscriberIN13geometry_msgs7Vector3EvEE
                0x0000000008005cf4       0x18 Src/stm32_ros.o
                0x0000000008005cf4                vtable for ros::Subscriber<geometry_msgs::Vector3, void>
 .rodata._ZTVN3ros11NodeHandle_I13STM32HardwareLi25ELi25ELi512ELi512EEE
                0x0000000008005d0c       0x14 Src/stm32_ros.o
                0x0000000008005d0c                vtable for ros::NodeHandle_<STM32Hardware, 25, 25, 512, 512>
 .rodata._ZTVN13geometry_msgs7Vector3E
                0x0000000008005d20       0x18 Src/stm32_ros.o
                0x0000000008005d20                vtable for geometry_msgs::Vector3
 .rodata._ZTVN8std_msgs6StringE
                0x0000000008005d38       0x18 Src/stm32_ros.o
                0x0000000008005d38                vtable for std_msgs::String
 .rodata._ZTVN3ros11Subscriber_E
                0x0000000008005d50       0x18 Src/stm32_ros.o
                0x0000000008005d50                vtable for ros::Subscriber_
 .rodata._ZTVN3ros15NodeHandleBase_E
                0x0000000008005d68       0x14 Src/stm32_ros.o
                0x0000000008005d68                vtable for ros::NodeHandleBase_
 .rodata._ZTVN14rosserial_msgs20RequestParamResponseE
                0x0000000008005d7c       0x18 Src/stm32_ros.o
                0x0000000008005d7c                vtable for rosserial_msgs::RequestParamResponse
 .rodata._ZTVN14rosserial_msgs3LogE
                0x0000000008005d94       0x18 Src/stm32_ros.o
                0x0000000008005d94                vtable for rosserial_msgs::Log
 .rodata._ZTVN14rosserial_msgs9TopicInfoE
                0x0000000008005dac       0x18 Src/stm32_ros.o
                0x0000000008005dac                vtable for rosserial_msgs::TopicInfo
 .rodata._ZTVN8std_msgs4TimeE
                0x0000000008005dc4       0x18 Src/stm32_ros.o
                0x0000000008005dc4                vtable for std_msgs::Time
 .rodata._ZTVN3ros3MsgE
                0x0000000008005ddc       0x18 Src/stm32_ros.o
                0x0000000008005ddc                vtable for ros::Msg
 .rodata.AHBPrescTable
                0x0000000008005df4       0x10 Src/system_stm32f4xx.o
                0x0000000008005df4                AHBPrescTable
 .rodata.APBPrescTable
                0x0000000008005e04        0x8 Src/system_stm32f4xx.o
                0x0000000008005e04                APBPrescTable
                0x0000000008005e0c                . = ALIGN (0x4)

.ARM.extab      0x0000000008005e0c        0x0
                0x0000000008005e0c                . = ALIGN (0x4)
 *(.ARM.extab* .gnu.linkonce.armextab.*)
                0x0000000008005e0c                . = ALIGN (0x4)

.ARM            0x0000000008005e0c        0x8
                0x0000000008005e0c                . = ALIGN (0x4)
                0x0000000008005e0c                __exidx_start = .
 *(.ARM.exidx*)
 .ARM.exidx     0x0000000008005e0c        0x8 c:/st/stm32cubeide_1.0.1/stm32cubeide/plugins/com.st.stm32cube.ide.mcu.externaltools.gnu-tools-for-stm32.7-2018-q2-update.win32_1.0.0.201904181610/tools/bin/../lib/gcc/arm-none-eabi/7.3.1/thumb/v7e-m/fpv4-sp/hard\libgcc.a(_udivmoddi4.o)
                0x0000000008005e14                __exidx_end = .
                0x0000000008005e14                . = ALIGN (0x4)

.rel.dyn        0x0000000008005e14        0x0
 .rel.iplt      0x0000000008005e14        0x0 c:/st/stm32cubeide_1.0.1/stm32cubeide/plugins/com.st.stm32cube.ide.mcu.externaltools.gnu-tools-for-stm32.7-2018-q2-update.win32_1.0.0.201904181610/tools/bin/../lib/gcc/arm-none-eabi/7.3.1/thumb/v7e-m/fpv4-sp/hard/crtbegin.o

.preinit_array  0x0000000008005e14        0x0
                0x0000000008005e14                . = ALIGN (0x4)
                0x0000000008005e14                PROVIDE (__preinit_array_start = .)
 *(.preinit_array*)
                0x0000000008005e14                PROVIDE (__preinit_array_end = .)
                0x0000000008005e14                . = ALIGN (0x4)

.init_array     0x0000000008005e14        0x8
                0x0000000008005e14                . = ALIGN (0x4)
                0x0000000008005e14                PROVIDE (__init_array_start = .)
 *(SORT_BY_NAME(.init_array.*))
 *(.init_array*)
 .init_array    0x0000000008005e14        0x4 c:/st/stm32cubeide_1.0.1/stm32cubeide/plugins/com.st.stm32cube.ide.mcu.externaltools.gnu-tools-for-stm32.7-2018-q2-update.win32_1.0.0.201904181610/tools/bin/../lib/gcc/arm-none-eabi/7.3.1/thumb/v7e-m/fpv4-sp/hard/crtbegin.o
 .init_array    0x0000000008005e18        0x4 Src/stm32_ros.o
                0x0000000008005e1c                PROVIDE (__init_array_end = .)
                0x0000000008005e1c                . = ALIGN (0x4)

.fini_array     0x0000000008005e1c        0x4
                0x0000000008005e1c                . = ALIGN (0x4)
                [!provide]                        PROVIDE (__fini_array_start = .)
 *(SORT_BY_NAME(.fini_array.*))
 *(.fini_array*)
 .fini_array    0x0000000008005e1c        0x4 c:/st/stm32cubeide_1.0.1/stm32cubeide/plugins/com.st.stm32cube.ide.mcu.externaltools.gnu-tools-for-stm32.7-2018-q2-update.win32_1.0.0.201904181610/tools/bin/../lib/gcc/arm-none-eabi/7.3.1/thumb/v7e-m/fpv4-sp/hard/crtbegin.o
                [!provide]                        PROVIDE (__fini_array_end = .)
                0x0000000008005e20                . = ALIGN (0x4)
                0x0000000008005e20                _sidata = LOADADDR (.data)

.data           0x0000000020000000       0x84 load address 0x0000000008005e20
                0x0000000020000000                . = ALIGN (0x4)
                0x0000000020000000                _sdata = .
 *(.data)
 *(.data*)
 .data.uwTickPrio
                0x0000000020000000        0x4 Drivers/STM32F4xx_HAL_Driver/Src/stm32f4xx_hal.o
                0x0000000020000000                uwTickPrio
 .data.uwTickFreq
                0x0000000020000004        0x1 Drivers/STM32F4xx_HAL_Driver/Src/stm32f4xx_hal.o
                0x0000000020000004                uwTickFreq
 *fill*         0x0000000020000005        0x3 
 .data.hello    0x0000000020000008        0xd Src/stm32_ros.o
                0x0000000020000008                hello
 *fill*         0x0000000020000015        0x3 
 .data.SystemCoreClock
                0x0000000020000018        0x4 Src/system_stm32f4xx.o
                0x0000000020000018                SystemCoreClock
 .data._ZN10__cxxabiv119__terminate_handlerE
                0x000000002000001c        0x4 c:/st/stm32cubeide_1.0.1/stm32cubeide/plugins/com.st.stm32cube.ide.mcu.externaltools.gnu-tools-for-stm32.7-2018-q2-update.win32_1.0.0.201904181610/tools/bin/../lib/gcc/arm-none-eabi/7.3.1/../../../../arm-none-eabi/lib/thumb/v7e-m/fpv4-sp/hard\libstdc++_nano.a(eh_term_handler.o)
                0x000000002000001c                __cxxabiv1::__terminate_handler
 .data._impure_ptr
                0x0000000020000020        0x4 c:/st/stm32cubeide_1.0.1/stm32cubeide/plugins/com.st.stm32cube.ide.mcu.externaltools.gnu-tools-for-stm32.7-2018-q2-update.win32_1.0.0.201904181610/tools/bin/../lib/gcc/arm-none-eabi/7.3.1/../../../../arm-none-eabi/lib/thumb/v7e-m/fpv4-sp/hard\libc_nano.a(lib_a-impure.o)
                0x0000000020000020                _impure_ptr
 .data.impure_data
                0x0000000020000024       0x60 c:/st/stm32cubeide_1.0.1/stm32cubeide/plugins/com.st.stm32cube.ide.mcu.externaltools.gnu-tools-for-stm32.7-2018-q2-update.win32_1.0.0.201904181610/tools/bin/../lib/gcc/arm-none-eabi/7.3.1/../../../../arm-none-eabi/lib/thumb/v7e-m/fpv4-sp/hard\libc_nano.a(lib_a-impure.o)
                0x0000000020000084                . = ALIGN (0x4)
                0x0000000020000084                _edata = .

.igot.plt       0x0000000020000084        0x0 load address 0x0000000008005ea4
 .igot.plt      0x0000000020000084        0x0 c:/st/stm32cubeide_1.0.1/stm32cubeide/plugins/com.st.stm32cube.ide.mcu.externaltools.gnu-tools-for-stm32.7-2018-q2-update.win32_1.0.0.201904181610/tools/bin/../lib/gcc/arm-none-eabi/7.3.1/thumb/v7e-m/fpv4-sp/hard/crtbegin.o
                0x0000000020000084                . = ALIGN (0x4)

.bss            0x0000000020000084     0x133c load address 0x0000000008005ea4
                0x0000000020000084                _sbss = .
                0x0000000020000084                __bss_start__ = _sbss
 *(.bss)
 .bss           0x0000000020000084       0x1c c:/st/stm32cubeide_1.0.1/stm32cubeide/plugins/com.st.stm32cube.ide.mcu.externaltools.gnu-tools-for-stm32.7-2018-q2-update.win32_1.0.0.201904181610/tools/bin/../lib/gcc/arm-none-eabi/7.3.1/thumb/v7e-m/fpv4-sp/hard/crtbegin.o
 *(.bss*)
 .bss._ZZN13STM32Hardware5flushEvE5mutex
                0x00000000200000a0        0x1 Src/stm32_ros.o
                0x00000000200000a0                STM32Hardware::flush()::mutex
 *fill*         0x00000000200000a1        0x3 
 .bss.nh        0x00000000200000a4     0x1140 Src/stm32_ros.o
                0x00000000200000a4                nh
 .bss.str_msg   0x00000000200011e4        0x8 Src/stm32_ros.o
                0x00000000200011e4                str_msg
 .bss.pub_chat  0x00000000200011ec       0x14 Src/stm32_ros.o
                0x00000000200011ec                pub_chat
 .bss.angle_sub
                0x0000000020001200       0x24 Src/stm32_ros.o
                0x0000000020001200                angle_sub
 .bss.nowTick   0x0000000020001224        0x4 Src/stm32_ros.o
                0x0000000020001224                nowTick
 .bss.pastTick  0x0000000020001228        0x4 Src/stm32_ros.o
                0x0000000020001228                pastTick
 .bss.heap_end.6424
                0x000000002000122c        0x4 Src/sysmem.o
 .bss.__malloc_free_list
                0x0000000020001230        0x4 c:/st/stm32cubeide_1.0.1/stm32cubeide/plugins/com.st.stm32cube.ide.mcu.externaltools.gnu-tools-for-stm32.7-2018-q2-update.win32_1.0.0.201904181610/tools/bin/../lib/gcc/arm-none-eabi/7.3.1/../../../../arm-none-eabi/lib/thumb/v7e-m/fpv4-sp/hard\libc_nano.a(lib_a-nano-mallocr.o)
                0x0000000020001230                __malloc_free_list
 .bss.__malloc_sbrk_start
                0x0000000020001234        0x4 c:/st/stm32cubeide_1.0.1/stm32cubeide/plugins/com.st.stm32cube.ide.mcu.externaltools.gnu-tools-for-stm32.7-2018-q2-update.win32_1.0.0.201904181610/tools/bin/../lib/gcc/arm-none-eabi/7.3.1/../../../../arm-none-eabi/lib/thumb/v7e-m/fpv4-sp/hard\libc_nano.a(lib_a-nano-mallocr.o)
                0x0000000020001234                __malloc_sbrk_start
 *(COMMON)
 COMMON         0x0000000020001238        0x4 Drivers/STM32F4xx_HAL_Driver/Src/stm32f4xx_hal.o
                0x0000000020001238                uwTick
 COMMON         0x000000002000123c      0x180 Src/main.o
                0x000000002000123c                hdma_usart2_rx
                0x000000002000129c                hdma_usart2_tx
                0x00000000200012fc                huart1
                0x000000002000133c                htim2
                0x000000002000137c                huart2
 COMMON         0x00000000200013bc        0x4 c:/st/stm32cubeide_1.0.1/stm32cubeide/plugins/com.st.stm32cube.ide.mcu.externaltools.gnu-tools-for-stm32.7-2018-q2-update.win32_1.0.0.201904181610/tools/bin/../lib/gcc/arm-none-eabi/7.3.1/../../../../arm-none-eabi/lib/thumb/v7e-m/fpv4-sp/hard\libc_nano.a(lib_a-reent.o)
                0x00000000200013bc                errno
                0x00000000200013c0                . = ALIGN (0x4)
                0x00000000200013c0                _ebss = .
                0x00000000200013c0                __bss_end__ = _ebss

._user_heap_stack
                0x00000000200013c0      0x600 load address 0x0000000008005ea4
                0x00000000200013c0                . = ALIGN (0x8)
                0x00000000200013c0                PROVIDE (end = .)
                [!provide]                        PROVIDE (_end = .)
                0x00000000200015c0                . = (. + _Min_Heap_Size)
 *fill*         0x00000000200013c0      0x200 
                0x00000000200019c0                . = (. + _Min_Stack_Size)
 *fill*         0x00000000200015c0      0x400 
                0x00000000200019c0                . = ALIGN (0x8)

/DISCARD/
 libc.a(*)
 libm.a(*)
 libgcc.a(*)

.ARM.attributes
                0x0000000000000000       0x30
 *(.ARM.attributes)
 .ARM.attributes
                0x0000000000000000       0x22 c:/st/stm32cubeide_1.0.1/stm32cubeide/plugins/com.st.stm32cube.ide.mcu.externaltools.gnu-tools-for-stm32.7-2018-q2-update.win32_1.0.0.201904181610/tools/bin/../lib/gcc/arm-none-eabi/7.3.1/thumb/v7e-m/fpv4-sp/hard/crti.o
 .ARM.attributes
                0x0000000000000022       0x34 c:/st/stm32cubeide_1.0.1/stm32cubeide/plugins/com.st.stm32cube.ide.mcu.externaltools.gnu-tools-for-stm32.7-2018-q2-update.win32_1.0.0.201904181610/tools/bin/../lib/gcc/arm-none-eabi/7.3.1/thumb/v7e-m/fpv4-sp/hard/crtbegin.o
 .ARM.attributes
                0x0000000000000056       0x39 Drivers/STM32F4xx_HAL_Driver/Src/stm32f4xx_hal.o
 .ARM.attributes
                0x000000000000008f       0x39 Drivers/STM32F4xx_HAL_Driver/Src/stm32f4xx_hal_cortex.o
 .ARM.attributes
                0x00000000000000c8       0x39 Drivers/STM32F4xx_HAL_Driver/Src/stm32f4xx_hal_dma.o
 .ARM.attributes
                0x0000000000000101       0x39 Drivers/STM32F4xx_HAL_Driver/Src/stm32f4xx_hal_gpio.o
 .ARM.attributes
                0x000000000000013a       0x39 Drivers/STM32F4xx_HAL_Driver/Src/stm32f4xx_hal_rcc.o
 .ARM.attributes
                0x0000000000000173       0x39 Drivers/STM32F4xx_HAL_Driver/Src/stm32f4xx_hal_rcc_ex.o
 .ARM.attributes
                0x00000000000001ac       0x39 Drivers/STM32F4xx_HAL_Driver/Src/stm32f4xx_hal_tim.o
 .ARM.attributes
                0x00000000000001e5       0x39 Drivers/STM32F4xx_HAL_Driver/Src/stm32f4xx_hal_tim_ex.o
 .ARM.attributes
                0x000000000000021e       0x39 Drivers/STM32F4xx_HAL_Driver/Src/stm32f4xx_hal_uart.o
 .ARM.attributes
                0x0000000000000257       0x39 Inc/ROS/time.o
 .ARM.attributes
                0x0000000000000290       0x39 Src/main.o
 .ARM.attributes
                0x00000000000002c9       0x39 Src/stm32_ros.o
 .ARM.attributes
                0x0000000000000302       0x39 Src/stm32f4xx_hal_msp.o
 .ARM.attributes
                0x000000000000033b       0x39 Src/stm32f4xx_it.o
 .ARM.attributes
                0x0000000000000374       0x39 Src/syscalls.o
 .ARM.attributes
                0x00000000000003ad       0x39 Src/sysmem.o
 .ARM.attributes
                0x00000000000003e6       0x39 Src/system_stm32f4xx.o
 .ARM.attributes
                0x000000000000041f       0x21 Startup/startup_stm32f446retx.o
 .ARM.attributes
                0x0000000000000440       0x34 c:/st/stm32cubeide_1.0.1/stm32cubeide/plugins/com.st.stm32cube.ide.mcu.externaltools.gnu-tools-for-stm32.7-2018-q2-update.win32_1.0.0.201904181610/tools/bin/../lib/gcc/arm-none-eabi/7.3.1/../../../../arm-none-eabi/lib/thumb/v7e-m/fpv4-sp/hard\libstdc++_nano.a(pure.o)
 .ARM.attributes
                0x0000000000000474       0x34 c:/st/stm32cubeide_1.0.1/stm32cubeide/plugins/com.st.stm32cube.ide.mcu.externaltools.gnu-tools-for-stm32.7-2018-q2-update.win32_1.0.0.201904181610/tools/bin/../lib/gcc/arm-none-eabi/7.3.1/../../../../arm-none-eabi/lib/thumb/v7e-m/fpv4-sp/hard\libstdc++_nano.a(eh_terminate.o)
 .ARM.attributes
                0x00000000000004a8       0x34 c:/st/stm32cubeide_1.0.1/stm32cubeide/plugins/com.st.stm32cube.ide.mcu.externaltools.gnu-tools-for-stm32.7-2018-q2-update.win32_1.0.0.201904181610/tools/bin/../lib/gcc/arm-none-eabi/7.3.1/../../../../arm-none-eabi/lib/thumb/v7e-m/fpv4-sp/hard\libstdc++_nano.a(eh_term_handler.o)
 .ARM.attributes
                0x00000000000004dc       0x34 c:/st/stm32cubeide_1.0.1/stm32cubeide/plugins/com.st.stm32cube.ide.mcu.externaltools.gnu-tools-for-stm32.7-2018-q2-update.win32_1.0.0.201904181610/tools/bin/../lib/gcc/arm-none-eabi/7.3.1/../../../../arm-none-eabi/lib/thumb/v7e-m/fpv4-sp/hard\libc_nano.a(lib_a-abort.o)
 .ARM.attributes
                0x0000000000000510       0x34 c:/st/stm32cubeide_1.0.1/stm32cubeide/plugins/com.st.stm32cube.ide.mcu.externaltools.gnu-tools-for-stm32.7-2018-q2-update.win32_1.0.0.201904181610/tools/bin/../lib/gcc/arm-none-eabi/7.3.1/../../../../arm-none-eabi/lib/thumb/v7e-m/fpv4-sp/hard\libc_nano.a(lib_a-errno.o)
 .ARM.attributes
                0x0000000000000544       0x34 c:/st/stm32cubeide_1.0.1/stm32cubeide/plugins/com.st.stm32cube.ide.mcu.externaltools.gnu-tools-for-stm32.7-2018-q2-update.win32_1.0.0.201904181610/tools/bin/../lib/gcc/arm-none-eabi/7.3.1/../../../../arm-none-eabi/lib/thumb/v7e-m/fpv4-sp/hard\libc_nano.a(lib_a-impure.o)
 .ARM.attributes
                0x0000000000000578       0x34 c:/st/stm32cubeide_1.0.1/stm32cubeide/plugins/com.st.stm32cube.ide.mcu.externaltools.gnu-tools-for-stm32.7-2018-q2-update.win32_1.0.0.201904181610/tools/bin/../lib/gcc/arm-none-eabi/7.3.1/../../../../arm-none-eabi/lib/thumb/v7e-m/fpv4-sp/hard\libc_nano.a(lib_a-init.o)
 .ARM.attributes
                0x00000000000005ac       0x34 c:/st/stm32cubeide_1.0.1/stm32cubeide/plugins/com.st.stm32cube.ide.mcu.externaltools.gnu-tools-for-stm32.7-2018-q2-update.win32_1.0.0.201904181610/tools/bin/../lib/gcc/arm-none-eabi/7.3.1/../../../../arm-none-eabi/lib/thumb/v7e-m/fpv4-sp/hard\libc_nano.a(lib_a-memcpy-stub.o)
 .ARM.attributes
                0x00000000000005e0       0x34 c:/st/stm32cubeide_1.0.1/stm32cubeide/plugins/com.st.stm32cube.ide.mcu.externaltools.gnu-tools-for-stm32.7-2018-q2-update.win32_1.0.0.201904181610/tools/bin/../lib/gcc/arm-none-eabi/7.3.1/../../../../arm-none-eabi/lib/thumb/v7e-m/fpv4-sp/hard\libc_nano.a(lib_a-memset.o)
 .ARM.attributes
                0x0000000000000614       0x34 c:/st/stm32cubeide_1.0.1/stm32cubeide/plugins/com.st.stm32cube.ide.mcu.externaltools.gnu-tools-for-stm32.7-2018-q2-update.win32_1.0.0.201904181610/tools/bin/../lib/gcc/arm-none-eabi/7.3.1/../../../../arm-none-eabi/lib/thumb/v7e-m/fpv4-sp/hard\libc_nano.a(lib_a-realloc.o)
 .ARM.attributes
                0x0000000000000648       0x34 c:/st/stm32cubeide_1.0.1/stm32cubeide/plugins/com.st.stm32cube.ide.mcu.externaltools.gnu-tools-for-stm32.7-2018-q2-update.win32_1.0.0.201904181610/tools/bin/../lib/gcc/arm-none-eabi/7.3.1/../../../../arm-none-eabi/lib/thumb/v7e-m/fpv4-sp/hard\libc_nano.a(lib_a-signal.o)
 .ARM.attributes
                0x000000000000067c       0x34 c:/st/stm32cubeide_1.0.1/stm32cubeide/plugins/com.st.stm32cube.ide.mcu.externaltools.gnu-tools-for-stm32.7-2018-q2-update.win32_1.0.0.201904181610/tools/bin/../lib/gcc/arm-none-eabi/7.3.1/../../../../arm-none-eabi/lib/thumb/v7e-m/fpv4-sp/hard\libc_nano.a(lib_a-signalr.o)
 .ARM.attributes
                0x00000000000006b0       0x1b c:/st/stm32cubeide_1.0.1/stm32cubeide/plugins/com.st.stm32cube.ide.mcu.externaltools.gnu-tools-for-stm32.7-2018-q2-update.win32_1.0.0.201904181610/tools/bin/../lib/gcc/arm-none-eabi/7.3.1/../../../../arm-none-eabi/lib/thumb/v7e-m/fpv4-sp/hard\libc_nano.a(lib_a-strlen.o)
 .ARM.attributes
                0x00000000000006cb       0x34 c:/st/stm32cubeide_1.0.1/stm32cubeide/plugins/com.st.stm32cube.ide.mcu.externaltools.gnu-tools-for-stm32.7-2018-q2-update.win32_1.0.0.201904181610/tools/bin/../lib/gcc/arm-none-eabi/7.3.1/../../../../arm-none-eabi/lib/thumb/v7e-m/fpv4-sp/hard\libc_nano.a(lib_a-nano-mallocr.o)
 .ARM.attributes
                0x00000000000006ff       0x34 c:/st/stm32cubeide_1.0.1/stm32cubeide/plugins/com.st.stm32cube.ide.mcu.externaltools.gnu-tools-for-stm32.7-2018-q2-update.win32_1.0.0.201904181610/tools/bin/../lib/gcc/arm-none-eabi/7.3.1/../../../../arm-none-eabi/lib/thumb/v7e-m/fpv4-sp/hard\libc_nano.a(lib_a-nano-reallocr.o)
 .ARM.attributes
                0x0000000000000733       0x34 c:/st/stm32cubeide_1.0.1/stm32cubeide/plugins/com.st.stm32cube.ide.mcu.externaltools.gnu-tools-for-stm32.7-2018-q2-update.win32_1.0.0.201904181610/tools/bin/../lib/gcc/arm-none-eabi/7.3.1/../../../../arm-none-eabi/lib/thumb/v7e-m/fpv4-sp/hard\libc_nano.a(lib_a-reent.o)
 .ARM.attributes
                0x0000000000000767       0x34 c:/st/stm32cubeide_1.0.1/stm32cubeide/plugins/com.st.stm32cube.ide.mcu.externaltools.gnu-tools-for-stm32.7-2018-q2-update.win32_1.0.0.201904181610/tools/bin/../lib/gcc/arm-none-eabi/7.3.1/../../../../arm-none-eabi/lib/thumb/v7e-m/fpv4-sp/hard\libc_nano.a(lib_a-sbrkr.o)
 .ARM.attributes
                0x000000000000079b       0x34 c:/st/stm32cubeide_1.0.1/stm32cubeide/plugins/com.st.stm32cube.ide.mcu.externaltools.gnu-tools-for-stm32.7-2018-q2-update.win32_1.0.0.201904181610/tools/bin/../lib/gcc/arm-none-eabi/7.3.1/../../../../arm-none-eabi/lib/thumb/v7e-m/fpv4-sp/hard\libc_nano.a(lib_a-mlock.o)
 .ARM.attributes
                0x00000000000007cf       0x34 c:/st/stm32cubeide_1.0.1/stm32cubeide/plugins/com.st.stm32cube.ide.mcu.externaltools.gnu-tools-for-stm32.7-2018-q2-update.win32_1.0.0.201904181610/tools/bin/../lib/gcc/arm-none-eabi/7.3.1/../../../../arm-none-eabi/lib/thumb/v7e-m/fpv4-sp/hard\libc_nano.a(lib_a-nano-freer.o)
 .ARM.attributes
                0x0000000000000803       0x34 c:/st/stm32cubeide_1.0.1/stm32cubeide/plugins/com.st.stm32cube.ide.mcu.externaltools.gnu-tools-for-stm32.7-2018-q2-update.win32_1.0.0.201904181610/tools/bin/../lib/gcc/arm-none-eabi/7.3.1/../../../../arm-none-eabi/lib/thumb/v7e-m/fpv4-sp/hard\libc_nano.a(lib_a-nano-msizer.o)
 .ARM.attributes
                0x0000000000000837       0x22 c:/st/stm32cubeide_1.0.1/stm32cubeide/plugins/com.st.stm32cube.ide.mcu.externaltools.gnu-tools-for-stm32.7-2018-q2-update.win32_1.0.0.201904181610/tools/bin/../lib/gcc/arm-none-eabi/7.3.1/thumb/v7e-m/fpv4-sp/hard\libgcc.a(_aeabi_uldivmod.o)
 .ARM.attributes
                0x0000000000000859       0x34 c:/st/stm32cubeide_1.0.1/stm32cubeide/plugins/com.st.stm32cube.ide.mcu.externaltools.gnu-tools-for-stm32.7-2018-q2-update.win32_1.0.0.201904181610/tools/bin/../lib/gcc/arm-none-eabi/7.3.1/thumb/v7e-m/fpv4-sp/hard\libgcc.a(_udivmoddi4.o)
 .ARM.attributes
                0x000000000000088d       0x22 c:/st/stm32cubeide_1.0.1/stm32cubeide/plugins/com.st.stm32cube.ide.mcu.externaltools.gnu-tools-for-stm32.7-2018-q2-update.win32_1.0.0.201904181610/tools/bin/../lib/gcc/arm-none-eabi/7.3.1/thumb/v7e-m/fpv4-sp/hard\libgcc.a(_dvmd_tls.o)
 .ARM.attributes
                0x00000000000008af       0x22 c:/st/stm32cubeide_1.0.1/stm32cubeide/plugins/com.st.stm32cube.ide.mcu.externaltools.gnu-tools-for-stm32.7-2018-q2-update.win32_1.0.0.201904181610/tools/bin/../lib/gcc/arm-none-eabi/7.3.1/thumb/v7e-m/fpv4-sp/hard/crtn.o
OUTPUT(stm32f4_rosserial.elf elf32-littlearm)

.debug_info     0x0000000000000000    0x12b04
 .debug_info    0x0000000000000000      0x973 Drivers/STM32F4xx_HAL_Driver/Src/stm32f4xx_hal.o
 .debug_info    0x0000000000000973      0xdf4 Drivers/STM32F4xx_HAL_Driver/Src/stm32f4xx_hal_cortex.o
 .debug_info    0x0000000000001767      0x916 Drivers/STM32F4xx_HAL_Driver/Src/stm32f4xx_hal_dma.o
 .debug_info    0x000000000000207d      0x7b1 Drivers/STM32F4xx_HAL_Driver/Src/stm32f4xx_hal_gpio.o
 .debug_info    0x000000000000282e      0x8e4 Drivers/STM32F4xx_HAL_Driver/Src/stm32f4xx_hal_rcc.o
 .debug_info    0x0000000000003112      0x983 Drivers/STM32F4xx_HAL_Driver/Src/stm32f4xx_hal_rcc_ex.o
 .debug_info    0x0000000000003a95     0x2456 Drivers/STM32F4xx_HAL_Driver/Src/stm32f4xx_hal_tim.o
 .debug_info    0x0000000000005eeb     0x1105 Drivers/STM32F4xx_HAL_Driver/Src/stm32f4xx_hal_tim_ex.o
 .debug_info    0x0000000000006ff0     0x11d5 Drivers/STM32F4xx_HAL_Driver/Src/stm32f4xx_hal_uart.o
 .debug_info    0x00000000000081c5     0x13e9 Inc/ROS/time.o
 .debug_info    0x00000000000095ae      0xfcf Src/main.o
 .debug_info    0x000000000000a57d     0x533a Src/stm32_ros.o
 .debug_info    0x000000000000f8b7      0xeb1 Src/stm32f4xx_hal_msp.o
 .debug_info    0x0000000000010768      0x66b Src/stm32f4xx_it.o
 .debug_info    0x0000000000010dd3      0xebd Src/syscalls.o
 .debug_info    0x0000000000011c90      0x91c Src/sysmem.o
 .debug_info    0x00000000000125ac      0x536 Src/system_stm32f4xx.o
 .debug_info    0x0000000000012ae2       0x22 Startup/startup_stm32f446retx.o

.debug_abbrev   0x0000000000000000     0x297f
 .debug_abbrev  0x0000000000000000      0x1cb Drivers/STM32F4xx_HAL_Driver/Src/stm32f4xx_hal.o
 .debug_abbrev  0x00000000000001cb      0x2fa Drivers/STM32F4xx_HAL_Driver/Src/stm32f4xx_hal_cortex.o
 .debug_abbrev  0x00000000000004c5      0x229 Drivers/STM32F4xx_HAL_Driver/Src/stm32f4xx_hal_dma.o
 .debug_abbrev  0x00000000000006ee      0x1c9 Drivers/STM32F4xx_HAL_Driver/Src/stm32f4xx_hal_gpio.o
 .debug_abbrev  0x00000000000008b7      0x245 Drivers/STM32F4xx_HAL_Driver/Src/stm32f4xx_hal_rcc.o
 .debug_abbrev  0x0000000000000afc      0x1bc Drivers/STM32F4xx_HAL_Driver/Src/stm32f4xx_hal_rcc_ex.o
 .debug_abbrev  0x0000000000000cb8      0x230 Drivers/STM32F4xx_HAL_Driver/Src/stm32f4xx_hal_tim.o
 .debug_abbrev  0x0000000000000ee8      0x21e Drivers/STM32F4xx_HAL_Driver/Src/stm32f4xx_hal_tim_ex.o
 .debug_abbrev  0x0000000000001106      0x242 Drivers/STM32F4xx_HAL_Driver/Src/stm32f4xx_hal_uart.o
 .debug_abbrev  0x0000000000001348      0x353 Inc/ROS/time.o
 .debug_abbrev  0x000000000000169b      0x258 Src/main.o
 .debug_abbrev  0x00000000000018f3      0x844 Src/stm32_ros.o
 .debug_abbrev  0x0000000000002137      0x1c0 Src/stm32f4xx_hal_msp.o
 .debug_abbrev  0x00000000000022f7      0x149 Src/stm32f4xx_it.o
 .debug_abbrev  0x0000000000002440      0x261 Src/syscalls.o
 .debug_abbrev  0x00000000000026a1      0x1bb Src/sysmem.o
 .debug_abbrev  0x000000000000285c      0x111 Src/system_stm32f4xx.o
 .debug_abbrev  0x000000000000296d       0x12 Startup/startup_stm32f446retx.o

.debug_aranges  0x0000000000000000      0xf80
 .debug_aranges
                0x0000000000000000       0xf0 Drivers/STM32F4xx_HAL_Driver/Src/stm32f4xx_hal.o
 .debug_aranges
                0x00000000000000f0      0x118 Drivers/STM32F4xx_HAL_Driver/Src/stm32f4xx_hal_cortex.o
 .debug_aranges
                0x0000000000000208       0x90 Drivers/STM32F4xx_HAL_Driver/Src/stm32f4xx_hal_dma.o
 .debug_aranges
                0x0000000000000298       0x58 Drivers/STM32F4xx_HAL_Driver/Src/stm32f4xx_hal_gpio.o
 .debug_aranges
                0x00000000000002f0       0x88 Drivers/STM32F4xx_HAL_Driver/Src/stm32f4xx_hal_rcc.o
 .debug_aranges
                0x0000000000000378       0x78 Drivers/STM32F4xx_HAL_Driver/Src/stm32f4xx_hal_rcc_ex.o
 .debug_aranges
                0x00000000000003f0      0x3a8 Drivers/STM32F4xx_HAL_Driver/Src/stm32f4xx_hal_tim.o
 .debug_aranges
                0x0000000000000798      0x150 Drivers/STM32F4xx_HAL_Driver/Src/stm32f4xx_hal_tim_ex.o
 .debug_aranges
                0x00000000000008e8      0x1d0 Drivers/STM32F4xx_HAL_Driver/Src/stm32f4xx_hal_uart.o
 .debug_aranges
                0x0000000000000ab8       0x38 Inc/ROS/time.o
 .debug_aranges
                0x0000000000000af0       0x60 Src/main.o
 .debug_aranges
                0x0000000000000b50      0x260 Src/stm32_ros.o
 .debug_aranges
                0x0000000000000db0       0x40 Src/stm32f4xx_hal_msp.o
 .debug_aranges
                0x0000000000000df0       0x78 Src/stm32f4xx_it.o
 .debug_aranges
                0x0000000000000e68       0xa8 Src/syscalls.o
 .debug_aranges
                0x0000000000000f10       0x20 Src/sysmem.o
 .debug_aranges
                0x0000000000000f30       0x28 Src/system_stm32f4xx.o
 .debug_aranges
                0x0000000000000f58       0x28 Startup/startup_stm32f446retx.o

.debug_ranges   0x0000000000000000      0xe80
 .debug_ranges  0x0000000000000000       0xe0 Drivers/STM32F4xx_HAL_Driver/Src/stm32f4xx_hal.o
 .debug_ranges  0x00000000000000e0      0x108 Drivers/STM32F4xx_HAL_Driver/Src/stm32f4xx_hal_cortex.o
 .debug_ranges  0x00000000000001e8       0x80 Drivers/STM32F4xx_HAL_Driver/Src/stm32f4xx_hal_dma.o
 .debug_ranges  0x0000000000000268       0x48 Drivers/STM32F4xx_HAL_Driver/Src/stm32f4xx_hal_gpio.o
 .debug_ranges  0x00000000000002b0       0x78 Drivers/STM32F4xx_HAL_Driver/Src/stm32f4xx_hal_rcc.o
 .debug_ranges  0x0000000000000328       0x68 Drivers/STM32F4xx_HAL_Driver/Src/stm32f4xx_hal_rcc_ex.o
 .debug_ranges  0x0000000000000390      0x398 Drivers/STM32F4xx_HAL_Driver/Src/stm32f4xx_hal_tim.o
 .debug_ranges  0x0000000000000728      0x140 Drivers/STM32F4xx_HAL_Driver/Src/stm32f4xx_hal_tim_ex.o
 .debug_ranges  0x0000000000000868      0x1c0 Drivers/STM32F4xx_HAL_Driver/Src/stm32f4xx_hal_uart.o
 .debug_ranges  0x0000000000000a28       0x28 Inc/ROS/time.o
 .debug_ranges  0x0000000000000a50       0x50 Src/main.o
 .debug_ranges  0x0000000000000aa0      0x268 Src/stm32_ros.o
 .debug_ranges  0x0000000000000d08       0x30 Src/stm32f4xx_hal_msp.o
 .debug_ranges  0x0000000000000d38       0x68 Src/stm32f4xx_it.o
 .debug_ranges  0x0000000000000da0       0x98 Src/syscalls.o
 .debug_ranges  0x0000000000000e38       0x10 Src/sysmem.o
 .debug_ranges  0x0000000000000e48       0x18 Src/system_stm32f4xx.o
 .debug_ranges  0x0000000000000e60       0x20 Startup/startup_stm32f446retx.o

.debug_macro    0x0000000000000000    0x239d1
 .debug_macro   0x0000000000000000      0x22e Drivers/STM32F4xx_HAL_Driver/Src/stm32f4xx_hal.o
 .debug_macro   0x000000000000022e      0xa5a Drivers/STM32F4xx_HAL_Driver/Src/stm32f4xx_hal.o
 .debug_macro   0x0000000000000c88      0x18a Drivers/STM32F4xx_HAL_Driver/Src/stm32f4xx_hal.o
 .debug_macro   0x0000000000000e12       0x32 Drivers/STM32F4xx_HAL_Driver/Src/stm32f4xx_hal.o
 .debug_macro   0x0000000000000e44       0x28 Drivers/STM32F4xx_HAL_Driver/Src/stm32f4xx_hal.o
 .debug_macro   0x0000000000000e6c       0x22 Drivers/STM32F4xx_HAL_Driver/Src/stm32f4xx_hal.o
 .debug_macro   0x0000000000000e8e       0x8e Drivers/STM32F4xx_HAL_Driver/Src/stm32f4xx_hal.o
 .debug_macro   0x0000000000000f1c       0x51 Drivers/STM32F4xx_HAL_Driver/Src/stm32f4xx_hal.o
 .debug_macro   0x0000000000000f6d       0xef Drivers/STM32F4xx_HAL_Driver/Src/stm32f4xx_hal.o
 .debug_macro   0x000000000000105c       0x6a Drivers/STM32F4xx_HAL_Driver/Src/stm32f4xx_hal.o
 .debug_macro   0x00000000000010c6      0x1df Drivers/STM32F4xx_HAL_Driver/Src/stm32f4xx_hal.o
 .debug_macro   0x00000000000012a5       0x1c Drivers/STM32F4xx_HAL_Driver/Src/stm32f4xx_hal.o
 .debug_macro   0x00000000000012c1       0x22 Drivers/STM32F4xx_HAL_Driver/Src/stm32f4xx_hal.o
 .debug_macro   0x00000000000012e3       0xdf Drivers/STM32F4xx_HAL_Driver/Src/stm32f4xx_hal.o
 .debug_macro   0x00000000000013c2     0x102d Drivers/STM32F4xx_HAL_Driver/Src/stm32f4xx_hal.o
 .debug_macro   0x00000000000023ef      0x11f Drivers/STM32F4xx_HAL_Driver/Src/stm32f4xx_hal.o
 .debug_macro   0x000000000000250e    0x16734 Drivers/STM32F4xx_HAL_Driver/Src/stm32f4xx_hal.o
 .debug_macro   0x0000000000018c42       0x43 Drivers/STM32F4xx_HAL_Driver/Src/stm32f4xx_hal.o
 .debug_macro   0x0000000000018c85     0x35d4 Drivers/STM32F4xx_HAL_Driver/Src/stm32f4xx_hal.o
 .debug_macro   0x000000000001c259      0x174 Drivers/STM32F4xx_HAL_Driver/Src/stm32f4xx_hal.o
 .debug_macro   0x000000000001c3cd       0x5a Drivers/STM32F4xx_HAL_Driver/Src/stm32f4xx_hal.o
 .debug_macro   0x000000000001c427      0xc90 Drivers/STM32F4xx_HAL_Driver/Src/stm32f4xx_hal.o
 .debug_macro   0x000000000001d0b7      0x9fe Drivers/STM32F4xx_HAL_Driver/Src/stm32f4xx_hal.o
 .debug_macro   0x000000000001dab5       0xed Drivers/STM32F4xx_HAL_Driver/Src/stm32f4xx_hal.o
 .debug_macro   0x000000000001dba2      0x117 Drivers/STM32F4xx_HAL_Driver/Src/stm32f4xx_hal.o
 .debug_macro   0x000000000001dcb9      0x1a0 Drivers/STM32F4xx_HAL_Driver/Src/stm32f4xx_hal.o
 .debug_macro   0x000000000001de59       0x27 Drivers/STM32F4xx_HAL_Driver/Src/stm32f4xx_hal.o
 .debug_macro   0x000000000001de80      0x287 Drivers/STM32F4xx_HAL_Driver/Src/stm32f4xx_hal.o
 .debug_macro   0x000000000001e107       0x5f Drivers/STM32F4xx_HAL_Driver/Src/stm32f4xx_hal.o
 .debug_macro   0x000000000001e166      0x236 Drivers/STM32F4xx_HAL_Driver/Src/stm32f4xx_hal.o
 .debug_macro   0x000000000001e39c      0x132 Drivers/STM32F4xx_HAL_Driver/Src/stm32f4xx_hal.o
 .debug_macro   0x000000000001e4ce      0x29c Drivers/STM32F4xx_HAL_Driver/Src/stm32f4xx_hal.o
 .debug_macro   0x000000000001e76a       0x2e Drivers/STM32F4xx_HAL_Driver/Src/stm32f4xx_hal.o
 .debug_macro   0x000000000001e798      0x11a Drivers/STM32F4xx_HAL_Driver/Src/stm32f4xx_hal.o
 .debug_macro   0x000000000001e8b2       0xe8 Drivers/STM32F4xx_HAL_Driver/Src/stm32f4xx_hal.o
 .debug_macro   0x000000000001e99a       0x89 Drivers/STM32F4xx_HAL_Driver/Src/stm32f4xx_hal.o
 .debug_macro   0x000000000001ea23      0x87d Drivers/STM32F4xx_HAL_Driver/Src/stm32f4xx_hal.o
 .debug_macro   0x000000000001f2a0       0x4d Drivers/STM32F4xx_HAL_Driver/Src/stm32f4xx_hal.o
 .debug_macro   0x000000000001f2ed      0x287 Drivers/STM32F4xx_HAL_Driver/Src/stm32f4xx_hal.o
 .debug_macro   0x000000000001f574      0x126 Drivers/STM32F4xx_HAL_Driver/Src/stm32f4xx_hal.o
 .debug_macro   0x000000000001f69a      0x1ce Drivers/STM32F4xx_HAL_Driver/Src/stm32f4xx_hal_cortex.o
 .debug_macro   0x000000000001f868      0x1d4 Drivers/STM32F4xx_HAL_Driver/Src/stm32f4xx_hal_dma.o
 .debug_macro   0x000000000001fa3c      0x204 Drivers/STM32F4xx_HAL_Driver/Src/stm32f4xx_hal_gpio.o
 .debug_macro   0x000000000001fc40      0x1f2 Drivers/STM32F4xx_HAL_Driver/Src/stm32f4xx_hal_rcc.o
 .debug_macro   0x000000000001fe32      0x1ce Drivers/STM32F4xx_HAL_Driver/Src/stm32f4xx_hal_rcc_ex.o
 .debug_macro   0x0000000000020000      0x1cf Drivers/STM32F4xx_HAL_Driver/Src/stm32f4xx_hal_tim.o
 .debug_macro   0x00000000000201cf      0x1ce Drivers/STM32F4xx_HAL_Driver/Src/stm32f4xx_hal_tim_ex.o
 .debug_macro   0x000000000002039d      0x1cf Drivers/STM32F4xx_HAL_Driver/Src/stm32f4xx_hal_uart.o
 .debug_macro   0x000000000002056c      0x1b4 Inc/ROS/time.o
 .debug_macro   0x0000000000020720      0x1e2 Src/main.o
 .debug_macro   0x0000000000020902      0x4cf Src/stm32_ros.o
 .debug_macro   0x0000000000020dd1       0x16 Src/stm32_ros.o
 .debug_macro   0x0000000000020de7       0x20 Src/stm32_ros.o
 .debug_macro   0x0000000000020e07       0xf0 Src/stm32_ros.o
 .debug_macro   0x0000000000020ef7       0xd9 Src/stm32_ros.o
 .debug_macro   0x0000000000020fd0     0x102d Src/stm32_ros.o
 .debug_macro   0x0000000000021ffd       0x54 Src/stm32_ros.o
 .debug_macro   0x0000000000022051      0x1d8 Src/stm32f4xx_hal_msp.o
 .debug_macro   0x0000000000022229      0x1e2 Src/stm32f4xx_it.o
 .debug_macro   0x000000000002240b      0x243 Src/syscalls.o
 .debug_macro   0x000000000002264e       0x34 Src/syscalls.o
 .debug_macro   0x0000000000022682      0x330 Src/syscalls.o
 .debug_macro   0x00000000000229b2       0x43 Src/syscalls.o
 .debug_macro   0x00000000000229f5       0x10 Src/syscalls.o
 .debug_macro   0x0000000000022a05       0x35 Src/syscalls.o
 .debug_macro   0x0000000000022a3a       0x10 Src/syscalls.o
 .debug_macro   0x0000000000022a4a       0x10 Src/syscalls.o
 .debug_macro   0x0000000000022a5a       0x10 Src/syscalls.o
 .debug_macro   0x0000000000022a6a       0x1c Src/syscalls.o
 .debug_macro   0x0000000000022a86       0x52 Src/syscalls.o
 .debug_macro   0x0000000000022ad8       0x40 Src/syscalls.o
 .debug_macro   0x0000000000022b18       0x10 Src/syscalls.o
 .debug_macro   0x0000000000022b28       0x40 Src/syscalls.o
 .debug_macro   0x0000000000022b68       0xd7 Src/syscalls.o
 .debug_macro   0x0000000000022c3f       0x1c Src/syscalls.o
 .debug_macro   0x0000000000022c5b       0x3d Src/syscalls.o
 .debug_macro   0x0000000000022c98       0x35 Src/syscalls.o
 .debug_macro   0x0000000000022ccd      0x122 Src/syscalls.o
 .debug_macro   0x0000000000022def       0x10 Src/syscalls.o
 .debug_macro   0x0000000000022dff      0x241 Src/syscalls.o
 .debug_macro   0x0000000000023040       0x1c Src/syscalls.o
 .debug_macro   0x000000000002305c       0x10 Src/syscalls.o
 .debug_macro   0x000000000002306c       0x10 Src/syscalls.o
 .debug_macro   0x000000000002307c       0x16 Src/syscalls.o
 .debug_macro   0x0000000000023092      0x145 Src/syscalls.o
 .debug_macro   0x00000000000231d7      0x189 Src/syscalls.o
 .debug_macro   0x0000000000023360       0x16 Src/syscalls.o
 .debug_macro   0x0000000000023376       0x88 Src/syscalls.o
 .debug_macro   0x00000000000233fe      0x1ae Src/sysmem.o
 .debug_macro   0x00000000000235ac      0x23b Src/sysmem.o
 .debug_macro   0x00000000000237e7       0x16 Src/sysmem.o
 .debug_macro   0x00000000000237fd      0x1d4 Src/system_stm32f4xx.o

.debug_line     0x0000000000000000     0xbb85
 .debug_line    0x0000000000000000      0x8be Drivers/STM32F4xx_HAL_Driver/Src/stm32f4xx_hal.o
 .debug_line    0x00000000000008be      0x9e5 Drivers/STM32F4xx_HAL_Driver/Src/stm32f4xx_hal_cortex.o
 .debug_line    0x00000000000012a3      0x990 Drivers/STM32F4xx_HAL_Driver/Src/stm32f4xx_hal_dma.o
 .debug_line    0x0000000000001c33      0x88c Drivers/STM32F4xx_HAL_Driver/Src/stm32f4xx_hal_gpio.o
 .debug_line    0x00000000000024bf      0x905 Drivers/STM32F4xx_HAL_Driver/Src/stm32f4xx_hal_rcc.o
 .debug_line    0x0000000000002dc4      0xaab Drivers/STM32F4xx_HAL_Driver/Src/stm32f4xx_hal_rcc_ex.o
 .debug_line    0x000000000000386f     0x1922 Drivers/STM32F4xx_HAL_Driver/Src/stm32f4xx_hal_tim.o
 .debug_line    0x0000000000005191      0xcc5 Drivers/STM32F4xx_HAL_Driver/Src/stm32f4xx_hal_tim_ex.o
 .debug_line    0x0000000000005e56      0xfb8 Drivers/STM32F4xx_HAL_Driver/Src/stm32f4xx_hal_uart.o
 .debug_line    0x0000000000006e0e      0x964 Inc/ROS/time.o
 .debug_line    0x0000000000007772      0x797 Src/main.o
 .debug_line    0x0000000000007f09     0x19b9 Src/stm32_ros.o
 .debug_line    0x00000000000098c2      0x743 Src/stm32f4xx_hal_msp.o
 .debug_line    0x000000000000a005      0x791 Src/stm32f4xx_it.o
 .debug_line    0x000000000000a796      0x73d Src/syscalls.o
 .debug_line    0x000000000000aed3      0x559 Src/sysmem.o
 .debug_line    0x000000000000b42c      0x6d8 Src/system_stm32f4xx.o
 .debug_line    0x000000000000bb04       0x81 Startup/startup_stm32f446retx.o

.debug_str      0x0000000000000000    0xd4cae
 .debug_str     0x0000000000000000    0xc7680 Drivers/STM32F4xx_HAL_Driver/Src/stm32f4xx_hal.o
                                      0xc7a30 (size before relaxing)
 .debug_str     0x00000000000c7680      0x3e4 Drivers/STM32F4xx_HAL_Driver/Src/stm32f4xx_hal_cortex.o
                                      0xc7786 (size before relaxing)
 .debug_str     0x00000000000c7a64      0x4ee Drivers/STM32F4xx_HAL_Driver/Src/stm32f4xx_hal_dma.o
                                      0xc729e (size before relaxing)
 .debug_str     0x00000000000c7f52      0x292 Drivers/STM32F4xx_HAL_Driver/Src/stm32f4xx_hal_gpio.o
                                      0xc70ed (size before relaxing)
 .debug_str     0x00000000000c81e4      0x389 Drivers/STM32F4xx_HAL_Driver/Src/stm32f4xx_hal_rcc.o
                                      0xc7295 (size before relaxing)
 .debug_str     0x00000000000c856d      0x324 Drivers/STM32F4xx_HAL_Driver/Src/stm32f4xx_hal_rcc_ex.o
                                      0xc72f2 (size before relaxing)